Component: ARM Compiler 5.06 update 7 (build 960) Tool: armlink [4d3601]

==============================================================================

Section Cross References

    system_stm32f10x.o(i.SetSysClock) refers to system_stm32f10x.o(i.SetSysClockTo72) for SetSysClockTo72
    system_stm32f10x.o(i.SystemCoreClockUpdate) refers to system_stm32f10x.o(.data) for SystemCoreClock
    system_stm32f10x.o(i.SystemInit) refers to system_stm32f10x.o(i.SetSysClock) for SetSysClock
    startup_stm32f10x_md.o(RESET) refers to startup_stm32f10x_md.o(.text) for Reset_Handler
    startup_stm32f10x_md.o(.text) refers to main.o(i.app_main) for app_main
    stm32f10x_adc.o(i.ADC_DeInit) refers to stm32f10x_rcc.o(i.RCC_APB2PeriphResetCmd) for RCC_APB2PeriphResetCmd
    stm32f10x_bkp.o(i.BKP_DeInit) refers to stm32f10x_rcc.o(i.RCC_BackupResetCmd) for RCC_BackupResetCmd
    stm32f10x_can.o(i.CAN_DeInit) refers to stm32f10x_rcc.o(i.RCC_APB1PeriphResetCmd) for RCC_APB1PeriphResetCmd
    stm32f10x_can.o(i.CAN_GetITStatus) refers to stm32f10x_can.o(i.CheckITStatus) for CheckITStatus
    stm32f10x_cec.o(i.CEC_DeInit) refers to stm32f10x_rcc.o(i.RCC_APB1PeriphResetCmd) for RCC_APB1PeriphResetCmd
    stm32f10x_dac.o(i.DAC_DeInit) refers to stm32f10x_rcc.o(i.RCC_APB1PeriphResetCmd) for RCC_APB1PeriphResetCmd
    stm32f10x_flash.o(i.FLASH_EnableWriteProtection) refers to stm32f10x_flash.o(i.FLASH_WaitForLastOperation) for FLASH_WaitForLastOperation
    stm32f10x_flash.o(i.FLASH_EraseAllBank1Pages) refers to stm32f10x_flash.o(i.FLASH_WaitForLastBank1Operation) for FLASH_WaitForLastBank1Operation
    stm32f10x_flash.o(i.FLASH_EraseAllPages) refers to stm32f10x_flash.o(i.FLASH_WaitForLastOperation) for FLASH_WaitForLastOperation
    stm32f10x_flash.o(i.FLASH_EraseOptionBytes) refers to stm32f10x_flash.o(i.FLASH_GetReadOutProtectionStatus) for FLASH_GetReadOutProtectionStatus
    stm32f10x_flash.o(i.FLASH_EraseOptionBytes) refers to stm32f10x_flash.o(i.FLASH_WaitForLastOperation) for FLASH_WaitForLastOperation
    stm32f10x_flash.o(i.FLASH_ErasePage) refers to stm32f10x_flash.o(i.FLASH_WaitForLastOperation) for FLASH_WaitForLastOperation
    stm32f10x_flash.o(i.FLASH_ProgramHalfWord) refers to stm32f10x_flash.o(i.FLASH_WaitForLastOperation) for FLASH_WaitForLastOperation
    stm32f10x_flash.o(i.FLASH_ProgramOptionByteData) refers to stm32f10x_flash.o(i.FLASH_WaitForLastOperation) for FLASH_WaitForLastOperation
    stm32f10x_flash.o(i.FLASH_ProgramWord) refers to stm32f10x_flash.o(i.FLASH_WaitForLastOperation) for FLASH_WaitForLastOperation
    stm32f10x_flash.o(i.FLASH_ReadOutProtection) refers to stm32f10x_flash.o(i.FLASH_WaitForLastOperation) for FLASH_WaitForLastOperation
    stm32f10x_flash.o(i.FLASH_UserOptionByteConfig) refers to stm32f10x_flash.o(i.FLASH_WaitForLastOperation) for FLASH_WaitForLastOperation
    stm32f10x_flash.o(i.FLASH_WaitForLastBank1Operation) refers to stm32f10x_flash.o(i.FLASH_GetBank1Status) for FLASH_GetBank1Status
    stm32f10x_flash.o(i.FLASH_WaitForLastOperation) refers to stm32f10x_flash.o(i.FLASH_GetBank1Status) for FLASH_GetBank1Status
    stm32f10x_gpio.o(i.GPIO_AFIODeInit) refers to stm32f10x_rcc.o(i.RCC_APB2PeriphResetCmd) for RCC_APB2PeriphResetCmd
    stm32f10x_gpio.o(i.GPIO_DeInit) refers to stm32f10x_rcc.o(i.RCC_APB2PeriphResetCmd) for RCC_APB2PeriphResetCmd
    stm32f10x_i2c.o(i.I2C_DeInit) refers to stm32f10x_rcc.o(i.RCC_APB1PeriphResetCmd) for RCC_APB1PeriphResetCmd
    stm32f10x_i2c.o(i.I2C_Init) refers to stm32f10x_rcc.o(i.RCC_GetClocksFreq) for RCC_GetClocksFreq
    stm32f10x_pwr.o(i.PWR_DeInit) refers to stm32f10x_rcc.o(i.RCC_APB1PeriphResetCmd) for RCC_APB1PeriphResetCmd
    stm32f10x_rcc.o(i.RCC_GetClocksFreq) refers to stm32f10x_rcc.o(.data) for APBAHBPrescTable
    stm32f10x_rcc.o(i.RCC_WaitForHSEStartUp) refers to stm32f10x_rcc.o(i.RCC_GetFlagStatus) for RCC_GetFlagStatus
    stm32f10x_rtc.o(i.RTC_SetAlarm) refers to stm32f10x_rtc.o(i.RTC_EnterConfigMode) for RTC_EnterConfigMode
    stm32f10x_rtc.o(i.RTC_SetAlarm) refers to stm32f10x_rtc.o(i.RTC_ExitConfigMode) for RTC_ExitConfigMode
    stm32f10x_rtc.o(i.RTC_SetCounter) refers to stm32f10x_rtc.o(i.RTC_EnterConfigMode) for RTC_EnterConfigMode
    stm32f10x_rtc.o(i.RTC_SetCounter) refers to stm32f10x_rtc.o(i.RTC_ExitConfigMode) for RTC_ExitConfigMode
    stm32f10x_rtc.o(i.RTC_SetPrescaler) refers to stm32f10x_rtc.o(i.RTC_EnterConfigMode) for RTC_EnterConfigMode
    stm32f10x_rtc.o(i.RTC_SetPrescaler) refers to stm32f10x_rtc.o(i.RTC_ExitConfigMode) for RTC_ExitConfigMode
    stm32f10x_spi.o(i.I2S_Init) refers to stm32f10x_rcc.o(i.RCC_GetClocksFreq) for RCC_GetClocksFreq
    stm32f10x_spi.o(i.SPI_I2S_DeInit) refers to stm32f10x_rcc.o(i.RCC_APB2PeriphResetCmd) for RCC_APB2PeriphResetCmd
    stm32f10x_spi.o(i.SPI_I2S_DeInit) refers to stm32f10x_rcc.o(i.RCC_APB1PeriphResetCmd) for RCC_APB1PeriphResetCmd
    stm32f10x_tim.o(i.TIM_DeInit) refers to stm32f10x_rcc.o(i.RCC_APB2PeriphResetCmd) for RCC_APB2PeriphResetCmd
[...]
    FSMC_PCCARDDeInit                        0x200022ad   Thumb Code    34  stm32f10x_fsmc.o(i.FSMC_PCCARDDeInit)
    FSMC_PCCARDInit                          0x200022d5   Thumb Code   128  stm32f10x_fsmc.o(i.FSMC_PCCARDInit)
    FSMC_PCCARDStructInit                    0x20002359   Thumb Code    60  stm32f10x_fsmc.o(i.FSMC_PCCARDStructInit)
    GPIO_AFIODeInit                          0x20002395   Thumb Code    20  stm32f10x_gpio.o(i.GPIO_AFIODeInit)
    GPIO_DeInit                              0x200023a9   Thumb Code   172  stm32f10x_gpio.o(i.GPIO_DeInit)
    GPIO_ETH_MediaInterfaceConfig            0x20002471   Thumb Code     6  stm32f10x_gpio.o(i.GPIO_ETH_MediaInterfaceConfig)
    GPIO_EXTILineConfig                      0x2000247d   Thumb Code    60  stm32f10x_gpio.o(i.GPIO_EXTILineConfig)
    GPIO_EventOutputCmd                      0x200024bd   Thumb Code     6  stm32f10x_gpio.o(i.GPIO_EventOutputCmd)
    GPIO_EventOutputConfig                   0x200024c9   Thumb Code    26  stm32f10x_gpio.o(i.GPIO_EventOutputConfig)
    GPIO_Init                                0x200024e9   Thumb Code   278  stm32f10x_gpio.o(i.GPIO_Init)
    GPIO_PinLockConfig                       0x200025ff   Thumb Code    18  stm32f10x_gpio.o(i.GPIO_PinLockConfig)
    GPIO_PinRemapConfig                      0x20002611   Thumb Code   138  stm32f10x_gpio.o(i.GPIO_PinRemapConfig)
    GPIO_ReadInputData                       0x200026a1   Thumb Code     8  stm32f10x_gpio.o(i.GPIO_ReadInputData)
    GPIO_ReadInputDataBit                    0x200026a9   Thumb Code    18  stm32f10x_gpio.o(i.GPIO_ReadInputDataBit)
    GPIO_ReadOutputData                      0x200026bb   Thumb Code     8  stm32f10x_gpio.o(i.GPIO_ReadOutputData)
    GPIO_ReadOutputDataBit                   0x200026c3   Thumb Code    18  stm32f10x_gpio.o(i.GPIO_ReadOutputDataBit)
    GPIO_ResetBits                           0x200026d5   Thumb Code     4  stm32f10x_gpio.o(i.GPIO_ResetBits)
    GPIO_SetBits                             0x200026d9   Thumb Code     4  stm32f10x_gpio.o(i.GPIO_SetBits)
    GPIO_StructInit                          0x200026dd   Thumb Code    16  stm32f10x_gpio.o(i.GPIO_StructInit)
    GPIO_Write                               0x200026ed   Thumb Code     4  stm32f10x_gpio.o(i.GPIO_Write)
    GPIO_WriteBit                            0x200026f1   Thumb Code    10  stm32f10x_gpio.o(i.GPIO_WriteBit)
    HardFault_Handler                        0x200026fb   Thumb Code     4  stm32f10x_it.o(i.HardFault_Handler)
    I2C_ARPCmd                               0x200026ff   Thumb Code    24  stm32f10x_i2c.o(i.I2C_ARPCmd)
    I2C_AcknowledgeConfig                    0x20002717   Thumb Code    24  stm32f10x_i2c.o(i.I2C_AcknowledgeConfig)
    I2C_CalculatePEC                         0x2000272f   Thumb Code    24  stm32f10x_i2c.o(i.I2C_CalculatePEC)
    I2C_CheckEvent                           0x20002747   Thumb Code    42  stm32f10x_i2c.o(i.I2C_CheckEvent)
    I2C_ClearFlag                            0x20002771   Thumb Code    12  stm32f10x_i2c.o(i.I2C_ClearFlag)
    I2C_ClearITPendingBit                    0x2000277d   Thumb Code    12  stm32f10x_i2c.o(i.I2C_ClearITPendingBit)
    I2C_Cmd                                  0x20002789   Thumb Code    24  stm32f10x_i2c.o(i.I2C_Cmd)
    I2C_DMACmd                               0x200027a1   Thumb Code    24  stm32f10x_i2c.o(i.I2C_DMACmd)
    I2C_DMALastTransferCmd                   0x200027b9   Thumb Code    24  stm32f10x_i2c.o(i.I2C_DMALastTransferCmd)
    I2C_DeInit                               0x200027d1   Thumb Code    50  stm32f10x_i2c.o(i.I2C_DeInit)
    I2C_DualAddressCmd                       0x20002809   Thumb Code    24  stm32f10x_i2c.o(i.I2C_DualAddressCmd)
    I2C_FastModeDutyCycleConfig              0x20002821   Thumb Code    28  stm32f10x_i2c.o(i.I2C_FastModeDutyCycleConfig)
    I2C_GeneralCallCmd                       0x2000283d   Thumb Code    24  stm32f10x_i2c.o(i.I2C_GeneralCallCmd)
    I2C_GenerateSTART                        0x20002855   Thumb Code    24  stm32f10x_i2c.o(i.I2C_GenerateSTART)
    I2C_GenerateSTOP                         0x2000286d   Thumb Code    24  stm32f10x_i2c.o(i.I2C_GenerateSTOP)
    I2C_GetFlagStatus                        0x20002885   Thumb Code    58  stm32f10x_i2c.o(i.I2C_GetFlagStatus)
    I2C_GetITStatus                          0x200028bf   Thumb Code    38  stm32f10x_i2c.o(i.I2C_GetITStatus)
    I2C_GetLastEvent                         0x200028e5   Thumb Code    26  stm32f10x_i2c.o(i.I2C_GetLastEvent)
    I2C_GetPEC                               0x200028ff   Thumb Code     8  stm32f10x_i2c.o(i.I2C_GetPEC)
    I2C_ITConfig                             0x20002907   Thumb Code    18  stm32f10x_i2c.o(i.I2C_ITConfig)
    I2C_Init                                 0x20002919   Thumb Code   222  stm32f10x_i2c.o(i.I2C_Init)
    I2C_NACKPositionConfig                   0x20002a05   Thumb Code    28  stm32f10x_i2c.o(i.I2C_NACKPositionConfig)
    I2C_OwnAddress2Config                    0x20002a21   Thumb Code    22  stm32f10x_i2c.o(i.I2C_OwnAddress2Config)
    I2C_PECPositionConfig                    0x20002a37   Thumb Code    28  stm32f10x_i2c.o(i.I2C_PECPositionConfig)
    I2C_ReadRegister                         0x20002a53   Thumb Code    22  stm32f10x_i2c.o(i.I2C_ReadRegister)
    I2C_ReceiveData                          0x20002a69   Thumb Code     8  stm32f10x_i2c.o(i.I2C_ReceiveData)
    I2C_SMBusAlertConfig                     0x20002a71   Thumb Code    28  stm32f10x_i2c.o(i.I2C_SMBusAlertConfig)
    I2C_Send7bitAddress                      0x20002a8d   Thumb Code    18  stm32f10x_i2c.o(i.I2C_Send7bitAddress)
    I2C_SendData                             0x20002a9f   Thumb Code     4  stm32f10x_i2c.o(i.I2C_SendData)
    I2C_SoftwareResetCmd                     0x20002aa3   Thumb Code    22  stm32f10x_i2c.o(i.I2C_SoftwareResetCmd)
    I2C_StretchClockCmd                      0x20002ab9   Thumb Code    24  stm32f10x_i2c.o(i.I2C_StretchClockCmd)
    I2C_StructInit                           0x20002ad1   Thumb Code    30  stm32f10x_i2c.o(i.I2C_StructInit)
    I2C_TransmitPEC                          0x20002aef   Thumb Code    24  stm32f10x_i2c.o(i.I2C_TransmitPEC)
    I2S_Cmd                                  0x20002b07   Thumb Code    24  stm32f10x_spi.o(i.I2S_Cmd)
    I2S_Init                                 0x20002b21   Thumb Code   226  stm32f10x_spi.o(i.I2S_Init)
    I2S_StructInit                           0x20002c09   Thumb Code    20  stm32f10x_spi.o(i.I2S_StructInit)
    IWDG_Enable                              0x20002c1d   Thumb Code    10  stm32f10x_iwdg.o(i.IWDG_Enable)
    IWDG_GetFlagStatus                       0x20002c2d   Thumb Code    20  stm32f10x_iwdg.o(i.IWDG_GetFlagStatus)
    IWDG_ReloadCounter                       0x20002c45   Thumb Code    10  stm32f10x_iwdg.o(i.IWDG_ReloadCounter)
    IWDG_SetPrescaler                        0x20002c55   Thumb Code     6  stm32f10x_iwdg.o(i.IWDG_SetPrescaler)
    IWDG_SetReload                           0x20002c61   Thumb Code     6  stm32f10x_iwdg.o(i.IWDG_SetReload)
    IWDG_WriteAccessCmd                      0x20002c6d   Thumb Code     6  stm32f10x_iwdg.o(i.IWDG_WriteAccessCmd)
    LED_Flash                                0x20002c79   Thumb Code    26  led.o(i.LED_Flash)
    LED_Init                                 0x20002c95   Thumb Code    42  led.o(i.LED_Init)
    LED_OFF                                  0x20002cc5   Thumb Code    14  led.o(i.LED_OFF)
    LED_ON                                   0x20002cd9   Thumb Code    14  led.o(i.LED_ON)
    LED_Turn                                 0x20002ced   Thumb Code    26  led.o(i.LED_Turn)
    MemManage_Handler                        0x20002d0d   Thumb Code     4  stm32f10x_it.o(i.MemManage_Handler)
    NMI_Handler                              0x20002d11   Thumb Code     2  stm32f10x_it.o(i.NMI_Handler)
    NVIC_Init                                0x20002d15   Thumb Code   100  misc.o(i.NVIC_Init)
    NVIC_PriorityGroupConfig                 0x20002d85   Thumb Code    10  misc.o(i.NVIC_PriorityGroupConfig)
    NVIC_SetVectorTable                      0x20002d99   Thumb Code    12  misc.o(i.NVIC_SetVectorTable)
    NVIC_SystemLPConfig                      0x20002dad   Thumb Code    26  misc.o(i.NVIC_SystemLPConfig)
    PWR_BackupAccessCmd                      0x20002dcd   Thumb Code     6  stm32f10x_pwr.o(i.PWR_BackupAccessCmd)
    PWR_ClearFlag                            0x20002dd9   Thumb Code    14  stm32f10x_pwr.o(i.PWR_ClearFlag)
    PWR_DeInit                               0x20002ded   Thumb Code    22  stm32f10x_pwr.o(i.PWR_DeInit)
    PWR_EnterSTANDBYMode                     0x20002e05   Thumb Code    42  stm32f10x_pwr.o(i.PWR_EnterSTANDBYMode)
    PWR_EnterSTOPMode                        0x20002e39   Thumb Code    54  stm32f10x_pwr.o(i.PWR_EnterSTOPMode)
    PWR_GetFlagStatus                        0x20002e79   Thumb Code    20  stm32f10x_pwr.o(i.PWR_GetFlagStatus)
    PWR_PVDCmd                               0x20002e91   Thumb Code     6  stm32f10x_pwr.o(i.PWR_PVDCmd)
    PWR_PVDLevelConfig                       0x20002e9d   Thumb Code    18  stm32f10x_pwr.o(i.PWR_PVDLevelConfig)
    PWR_WakeUpPinCmd                         0x20002eb5   Thumb Code     6  stm32f10x_pwr.o(i.PWR_WakeUpPinCmd)
    PendSV_Handler                           0x20002ec1   Thumb Code     2  stm32f10x_it.o(i.PendSV_Handler)
    RCC_ADCCLKConfig                         0x20002ec5   Thumb Code    18  stm32f10x_rcc.o(i.RCC_ADCCLKConfig)
    RCC_AHBPeriphClockCmd                    0x20002edd   Thumb Code    26  stm32f10x_rcc.o(i.RCC_AHBPeriphClockCmd)
    RCC_APB1PeriphClockCmd                   0x20002efd   Thumb Code    26  stm32f10x_rcc.o(i.RCC_APB1PeriphClockCmd)
    RCC_APB1PeriphResetCmd                   0x20002f1d   Thumb Code    26  stm32f10x_rcc.o(i.RCC_APB1PeriphResetCmd)
    RCC_APB2PeriphClockCmd                   0x20002f3d   Thumb Code    26  stm32f10x_rcc.o(i.RCC_APB2PeriphClockCmd)
    RCC_APB2PeriphResetCmd                   0x20002f5d   Thumb Code    26  stm32f10x_rcc.o(i.RCC_APB2PeriphResetCmd)
    RCC_AdjustHSICalibrationValue            0x20002f7d   Thumb Code    20  stm32f10x_rcc.o(i.RCC_AdjustHSICalibrationValue)
    RCC_BackupResetCmd                       0x20002f95   Thumb Code     6  stm32f10x_rcc.o(i.RCC_BackupResetCmd)
    RCC_ClearFlag                            0x20002fa1   Thumb Code    14  stm32f10x_rcc.o(i.RCC_ClearFlag)
    RCC_ClearITPendingBit                    0x20002fb5   Thumb Code     6  stm32f10x_rcc.o(i.RCC_ClearITPendingBit)
    RCC_ClockSecuritySystemCmd               0x20002fc1   Thumb Code     6  stm32f10x_rcc.o(i.RCC_ClockSecuritySystemCmd)
    RCC_DeInit                               0x20002fcd   Thumb Code    64  stm32f10x_rcc.o(i.RCC_DeInit)
    RCC_GetClocksFreq                        0x20003019   Thumb Code   192  stm32f10x_rcc.o(i.RCC_GetClocksFreq)
    RCC_GetFlagStatus                        0x200030ed   Thumb Code    56  stm32f10x_rcc.o(i.RCC_GetFlagStatus)
    RCC_GetITStatus                          0x20003129   Thumb Code    20  stm32f10x_rcc.o(i.RCC_GetITStatus)
    RCC_GetSYSCLKSource                      0x20003141   Thumb Code    10  stm32f10x_rcc.o(i.RCC_GetSYSCLKSource)
    RCC_HCLKConfig                           0x20003151   Thumb Code    18  stm32f10x_rcc.o(i.RCC_HCLKConfig)
    RCC_HSEConfig                            0x20003169   Thumb Code    70  stm32f10x_rcc.o(i.RCC_HSEConfig)
    RCC_HSICmd                               0x200031b5   Thumb Code     6  stm32f10x_rcc.o(i.RCC_HSICmd)
    RCC_ITConfig                             0x200031c1   Thumb Code    26  stm32f10x_rcc.o(i.RCC_ITConfig)
    RCC_LSEConfig                            0x200031e1   Thumb Code    46  stm32f10x_rcc.o(i.RCC_LSEConfig)
    RCC_LSICmd                               0x20003215   Thumb Code     6  stm32f10x_rcc.o(i.RCC_LSICmd)
    RCC_MCOConfig                            0x20003221   Thumb Code     6  stm32f10x_rcc.o(i.RCC_MCOConfig)
    RCC_PCLK1Config                          0x2000322d   Thumb Code    18  stm32f10x_rcc.o(i.RCC_PCLK1Config)
    RCC_PCLK2Config                          0x20003245   Thumb Code    20  stm32f10x_rcc.o(i.RCC_PCLK2Config)
    RCC_PLLCmd                               0x2000325d   Thumb Code     6  stm32f10x_rcc.o(i.RCC_PLLCmd)
    RCC_PLLConfig                            0x20003269   Thumb Code    24  stm32f10x_rcc.o(i.RCC_PLLConfig)
    RCC_RTCCLKCmd                            0x20003285   Thumb Code     6  stm32f10x_rcc.o(i.RCC_RTCCLKCmd)
    RCC_RTCCLKConfig                         0x20003291   Thumb Code    12  stm32f10x_rcc.o(i.RCC_RTCCLKConfig)
    RCC_SYSCLKConfig                         0x200032a1   Thumb Code    18  stm32f10x_rcc.o(i.RCC_SYSCLKConfig)
    RCC_USBCLKConfig                         0x200032b9   Thumb Code     6  stm32f10x_rcc.o(i.RCC_USBCLKConfig)
    RCC_WaitForHSEStartUp                    0x200032c5   Thumb Code    56  stm32f10x_rcc.o(i.RCC_WaitForHSEStartUp)
    RTC_ClearFlag                            0x200032fd   Thumb Code    12  stm32f10x_rtc.o(i.RTC_ClearFlag)
    RTC_ClearITPendingBit                    0x2000330d   Thumb Code    12  stm32f10x_rtc.o(i.RTC_ClearITPendingBit)
    RTC_EnterConfigMode                      0x2000331d   Thumb Code    14  stm32f10x_rtc.o(i.RTC_EnterConfigMode)
    RTC_ExitConfigMode                       0x20003331   Thumb Code    16  stm32f10x_rtc.o(i.RTC_ExitConfigMode)
    RTC_GetCounter                           0x20003345   Thumb Code    16  stm32f10x_rtc.o(i.RTC_GetCounter)
    RTC_GetDivider                           0x20003359   Thumb Code    20  stm32f10x_rtc.o(i.RTC_GetDivider)
    RTC_GetFlagStatus                        0x20003371   Thumb Code    20  stm32f10x_rtc.o(i.RTC_GetFlagStatus)
    RTC_GetITStatus                          0x20003389   Thumb Code    32  stm32f10x_rtc.o(i.RTC_GetITStatus)
    RTC_ITConfig                             0x200033ad   Thumb Code    26  stm32f10x_rtc.o(i.RTC_ITConfig)
    RTC_SetAlarm                             0x200033cd   Thumb Code    24  stm32f10x_rtc.o(i.RTC_SetAlarm)
    RTC_SetCounter                           0x200033e9   Thumb Code    24  stm32f10x_rtc.o(i.RTC_SetCounter)
    RTC_SetPrescaler                         0x20003405   Thumb Code    26  stm32f10x_rtc.o(i.RTC_SetPrescaler)
    RTC_WaitForLastTask                      0x20003425   Thumb Code    16  stm32f10x_rtc.o(i.RTC_WaitForLastTask)
    RTC_WaitForSynchro                       0x20003439   Thumb Code    30  stm32f10x_rtc.o(i.RTC_WaitForSynchro)
    SDIO_CEATAITCmd                          0x2000345d   Thumb Code    10  stm32f10x_sdio.o(i.SDIO_CEATAITCmd)
    SDIO_ClearFlag                           0x2000346d   Thumb Code     6  stm32f10x_sdio.o(i.SDIO_ClearFlag)
    SDIO_ClearITPendingBit                   0x20003479   Thumb Code     6  stm32f10x_sdio.o(i.SDIO_ClearITPendingBit)
    SDIO_ClockCmd                            0x20003485   Thumb Code     6  stm32f10x_sdio.o(i.SDIO_ClockCmd)
    SDIO_CmdStructInit                       0x20003491   Thumb Code    14  stm32f10x_sdio.o(i.SDIO_CmdStructInit)
    SDIO_CommandCompletionCmd                0x200034a1   Thumb Code     6  stm32f10x_sdio.o(i.SDIO_CommandCompletionCmd)
    SDIO_DMACmd                              0x200034ad   Thumb Code     6  stm32f10x_sdio.o(i.SDIO_DMACmd)
    SDIO_DataConfig                          0x200034b9   Thumb Code    42  stm32f10x_sdio.o(i.SDIO_DataConfig)
    SDIO_DataStructInit                      0x200034e9   Thumb Code    20  stm32f10x_sdio.o(i.SDIO_DataStructInit)
    SDIO_DeInit                              0x200034fd   Thumb Code    28  stm32f10x_sdio.o(i.SDIO_DeInit)
    SDIO_GetCommandResponse                  0x20003521   Thumb Code     8  stm32f10x_sdio.o(i.SDIO_GetCommandResponse)
    SDIO_GetDataCounter                      0x2000352d   Thumb Code     6  stm32f10x_sdio.o(i.SDIO_GetDataCounter)
    SDIO_GetFIFOCount                        0x20003539   Thumb Code     6  stm32f10x_sdio.o(i.SDIO_GetFIFOCount)
    SDIO_GetFlagStatus                       0x20003545   Thumb Code    20  stm32f10x_sdio.o(i.SDIO_GetFlagStatus)
    SDIO_GetITStatus                         0x2000355d   Thumb Code    20  stm32f10x_sdio.o(i.SDIO_GetITStatus)
    SDIO_GetPowerState                       0x20003575   Thumb Code    10  stm32f10x_sdio.o(i.SDIO_GetPowerState)
    SDIO_GetResponse                         0x20003585   Thumb Code    20  stm32f10x_sdio.o(i.SDIO_GetResponse)
    SDIO_ITConfig                            0x2000359d   Thumb Code    26  stm32f10x_sdio.o(i.SDIO_ITConfig)
    SDIO_Init                                0x200035bd   Thumb Code    42  stm32f10x_sdio.o(i.SDIO_Init)
    SDIO_ReadData                            0x200035ed   Thumb Code     6  stm32f10x_sdio.o(i.SDIO_ReadData)
    SDIO_SendCEATACmd                        0x200035f9   Thumb Code     6  stm32f10x_sdio.o(i.SDIO_SendCEATACmd)
    SDIO_SendCommand                         0x20003605   Thumb Code    38  stm32f10x_sdio.o(i.SDIO_SendCommand)
    SDIO_SendSDIOSuspendCmd                  0x20003631   Thumb Code     6  stm32f10x_sdio.o(i.SDIO_SendSDIOSuspendCmd)
    SDIO_SetPowerState                       0x2000363d   Thumb Code    22  stm32f10x_sdio.o(i.SDIO_SetPowerState)
    SDIO_SetSDIOOperation                    0x20003659   Thumb Code     6  stm32f10x_sdio.o(i.SDIO_SetSDIOOperation)
    SDIO_SetSDIOReadWaitMode                 0x20003665   Thumb Code     6  stm32f10x_sdio.o(i.SDIO_SetSDIOReadWaitMode)
    SDIO_StartSDIOReadWait                   0x20003671   Thumb Code     6  stm32f10x_sdio.o(i.SDIO_StartSDIOReadWait)
    SDIO_StopSDIOReadWait                    0x2000367d   Thumb Code     6  stm32f10x_sdio.o(i.SDIO_StopSDIOReadWait)
    SDIO_StructInit                          0x20003689   Thumb Code    16  stm32f10x_sdio.o(i.SDIO_StructInit)
    SDIO_WriteData                           0x20003699   Thumb Code     6  stm32f10x_sdio.o(i.SDIO_WriteData)
    SPI_BiDirectionalLineConfig              0x200036a5   Thumb Code    28  stm32f10x_spi.o(i.SPI_BiDirectionalLineConfig)
    SPI_CalculateCRC                         0x200036c1   Thumb Code    24  stm32f10x_spi.o(i.SPI_CalculateCRC)
    SPI_Cmd                                  0x200036d9   Thumb Code    24  stm32f10x_spi.o(i.SPI_Cmd)
    SPI_DataSizeConfig                       0x200036f1   Thumb Code    18  stm32f10x_spi.o(i.SPI_DataSizeConfig)
    SPI_GetCRC                               0x20003703   Thumb Code    16  stm32f10x_spi.o(i.SPI_GetCRC)
    SPI_GetCRCPolynomial                     0x20003713   Thumb Code     6  stm32f10x_spi.o(i.SPI_GetCRCPolynomial)
    SPI_I2S_ClearFlag                        0x20003719   Thumb Code     6  stm32f10x_spi.o(i.SPI_I2S_ClearFlag)
    SPI_I2S_ClearITPendingBit                0x2000371f   Thumb Code    20  stm32f10x_spi.o(i.SPI_I2S_ClearITPendingBit)
    SPI_I2S_DMACmd                           0x20003733   Thumb Code    18  stm32f10x_spi.o(i.SPI_I2S_DMACmd)
    SPI_I2S_DeInit                           0x20003745   Thumb Code    76  stm32f10x_spi.o(i.SPI_I2S_DeInit)
    SPI_I2S_GetFlagStatus                    0x2000379d   Thumb Code    18  stm32f10x_spi.o(i.SPI_I2S_GetFlagStatus)
    SPI_I2S_GetITStatus                      0x200037af   Thumb Code    52  stm32f10x_spi.o(i.SPI_I2S_GetITStatus)
    SPI_I2S_ITConfig                         0x200037e3   Thumb Code    32  stm32f10x_spi.o(i.SPI_I2S_ITConfig)
    SPI_I2S_ReceiveData                      0x20003803   Thumb Code     6  stm32f10x_spi.o(i.SPI_I2S_ReceiveData)
    SPI_I2S_SendData                         0x20003809   Thumb Code     4  stm32f10x_spi.o(i.SPI_I2S_SendData)
    SPI_Init                                 0x2000380d   Thumb Code    60  stm32f10x_spi.o(i.SPI_Init)
    SPI_NSSInternalSoftwareConfig            0x20003849   Thumb Code    30  stm32f10x_spi.o(i.SPI_NSSInternalSoftwareConfig)
    SPI_SSOutputCmd                          0x20003867   Thumb Code    24  stm32f10x_spi.o(i.SPI_SSOutputCmd)
    SPI_StructInit                           0x2000387f   Thumb Code    24  stm32f10x_spi.o(i.SPI_StructInit)
    SPI_TransmitCRC                          0x20003897   Thumb Code    10  stm32f10x_spi.o(i.SPI_TransmitCRC)
    SVC_Handler                              0x200038a1   Thumb Code     2  stm32f10x_it.o(i.SVC_Handler)
    SysTick_CLKSourceConfig                  0x2000398d   Thumb Code    40  misc.o(i.SysTick_CLKSourceConfig)
    SysTick_Handler                          0x200039b5   Thumb Code     2  stm32f10x_it.o(i.SysTick_Handler)
    SystemCoreClockUpdate                    0x200039b9   Thumb Code   142  system_stm32f10x.o(i.SystemCoreClockUpdate)
    SystemInit                               0x20003a5d   Thumb Code    78  system_stm32f10x.o(i.SystemInit)
    TIM_ARRPreloadConfig                     0x20003cfd   Thumb Code    24  stm32f10x_tim.o(i.TIM_ARRPreloadConfig)
    TIM_BDTRConfig                           0x20003d15   Thumb Code    32  stm32f10x_tim.o(i.TIM_BDTRConfig)
    TIM_BDTRStructInit                       0x20003d35   Thumb Code    18  stm32f10x_tim.o(i.TIM_BDTRStructInit)
    TIM_CCPreloadControl                     0x20003d47   Thumb Code    24  stm32f10x_tim.o(i.TIM_CCPreloadControl)
    TIM_CCxCmd                               0x20003d5f   Thumb Code    30  stm32f10x_tim.o(i.TIM_CCxCmd)
    TIM_CCxNCmd                              0x20003d7d   Thumb Code    30  stm32f10x_tim.o(i.TIM_CCxNCmd)
    TIM_ClearFlag                            0x20003d9b   Thumb Code     6  stm32f10x_tim.o(i.TIM_ClearFlag)
    TIM_ClearITPendingBit                    0x20003da1   Thumb Code     6  stm32f10x_tim.o(i.TIM_ClearITPendingBit)
    TIM_ClearOC1Ref                          0x20003da7   Thumb Code    18  stm32f10x_tim.o(i.TIM_ClearOC1Ref)
    TIM_ClearOC2Ref                          0x20003db9   Thumb Code    24  stm32f10x_tim.o(i.TIM_ClearOC2Ref)
    TIM_ClearOC3Ref                          0x20003dd1   Thumb Code    18  stm32f10x_tim.o(i.TIM_ClearOC3Ref)
    TIM_ClearOC4Ref                          0x20003de3   Thumb Code    24  stm32f10x_tim.o(i.TIM_ClearOC4Ref)
    TIM_Cmd                                  0x20003dfb   Thumb Code    24  stm32f10x_tim.o(i.TIM_Cmd)
    TIM_CounterModeConfig                    0x20003e13   Thumb Code    18  stm32f10x_tim.o(i.TIM_CounterModeConfig)
    TIM_CtrlPWMOutputs                       0x20003e25   Thumb Code    30  stm32f10x_tim.o(i.TIM_CtrlPWMOutputs)
    TIM_DMACmd                               0x20003e43   Thumb Code    18  stm32f10x_tim.o(i.TIM_DMACmd)
    TIM_DMAConfig                            0x20003e55   Thumb Code    10  stm32f10x_tim.o(i.TIM_DMAConfig)
    TIM_DeInit                               0x20003e61   Thumb Code   424  stm32f10x_tim.o(i.TIM_DeInit)
    TIM_ETRClockMode1Config                  0x20004049   Thumb Code    54  stm32f10x_tim.o(i.TIM_ETRClockMode1Config)
    TIM_ETRClockMode2Config                  0x2000407f   Thumb Code    32  stm32f10x_tim.o(i.TIM_ETRClockMode2Config)
    TIM_ETRConfig                            0x2000409f   Thumb Code    28  stm32f10x_tim.o(i.TIM_ETRConfig)
    TIM_EncoderInterfaceConfig               0x200040bb   Thumb Code    66  stm32f10x_tim.o(i.TIM_EncoderInterfaceConfig)
    TIM_ForcedOC1Config                      0x200040fd   Thumb Code    18  stm32f10x_tim.o(i.TIM_ForcedOC1Config)
    TIM_ForcedOC2Config                      0x2000410f   Thumb Code    26  stm32f10x_tim.o(i.TIM_ForcedOC2Config)
    TIM_ForcedOC3Config                      0x20004129   Thumb Code    18  stm32f10x_tim.o(i.TIM_ForcedOC3Config)
    TIM_ForcedOC4Config                      0x2000413b   Thumb Code    26  stm32f10x_tim.o(i.TIM_ForcedOC4Config)
    TIM_GenerateEvent                        0x20004155   Thumb Code     4  stm32f10x_tim.o(i.TIM_GenerateEvent)
    TIM_GetCapture1                          0x20004159   Thumb Code     6  stm32f10x_tim.o(i.TIM_GetCapture1)
    TIM_GetCapture2                          0x2000415f   Thumb Code     6  stm32f10x_tim.o(i.TIM_GetCapture2)
    TIM_GetCapture3                          0x20004165   Thumb Code     6  stm32f10x_tim.o(i.TIM_GetCapture3)
    TIM_GetCapture4                          0x2000416b   Thumb Code     8  stm32f10x_tim.o(i.TIM_GetCapture4)
    TIM_GetCounter                           0x20004173   Thumb Code     6  stm32f10x_tim.o(i.TIM_GetCounter)
    TIM_GetFlagStatus                        0x20004179   Thumb Code    18  stm32f10x_tim.o(i.TIM_GetFlagStatus)
    TIM_GetITStatus                          0x2000418b   Thumb Code    34  stm32f10x_tim.o(i.TIM_GetITStatus)
    TIM_GetPrescaler                         0x200041ad   Thumb Code     6  stm32f10x_tim.o(i.TIM_GetPrescaler)
    TIM_ICInit                               0x200041b5   Thumb Code   150  stm32f10x_tim.o(i.TIM_ICInit)
    TIM_ICStructInit                         0x20004261   Thumb Code    18  stm32f10x_tim.o(i.TIM_ICStructInit)
    TIM_ITConfig                             0x20004273   Thumb Code    18  stm32f10x_tim.o(i.TIM_ITConfig)
    TIM_ITRxExternalClockConfig              0x20004285   Thumb Code    24  stm32f10x_tim.o(i.TIM_ITRxExternalClockConfig)
    TIM_InternalClockConfig                  0x2000429d   Thumb Code    12  stm32f10x_tim.o(i.TIM_InternalClockConfig)
    TIM_OC1FastConfig                        0x200042a9   Thumb Code    18  stm32f10x_tim.o(i.TIM_OC1FastConfig)
    TIM_OC1Init                              0x200042bd   Thumb Code   132  stm32f10x_tim.o(i.TIM_OC1Init)
    TIM_OC1NPolarityConfig                   0x20004355   Thumb Code    18  stm32f10x_tim.o(i.TIM_OC1NPolarityConfig)
    TIM_OC1PolarityConfig                    0x20004367   Thumb Code    18  stm32f10x_tim.o(i.TIM_OC1PolarityConfig)
    TIM_OC1PreloadConfig                     0x20004379   Thumb Code    18  stm32f10x_tim.o(i.TIM_OC1PreloadConfig)
    TIM_OC2FastConfig                        0x2000438b   Thumb Code    26  stm32f10x_tim.o(i.TIM_OC2FastConfig)
    TIM_OC2Init                              0x200043a5   Thumb Code   154  stm32f10x_tim.o(i.TIM_OC2Init)
    TIM_OC2NPolarityConfig                   0x20004449   Thumb Code    26  stm32f10x_tim.o(i.TIM_OC2NPolarityConfig)
    TIM_OC2PolarityConfig                    0x20004463   Thumb Code    26  stm32f10x_tim.o(i.TIM_OC2PolarityConfig)
    TIM_OC2PreloadConfig                     0x2000447d   Thumb Code    26  stm32f10x_tim.o(i.TIM_OC2PreloadConfig)
    TIM_OC3FastConfig                        0x20004497   Thumb Code    18  stm32f10x_tim.o(i.TIM_OC3FastConfig)
    TIM_OC3Init                              0x200044a9   Thumb Code   150  stm32f10x_tim.o(i.TIM_OC3Init)
    TIM_OC3NPolarityConfig                   0x20004549   Thumb Code    26  stm32f10x_tim.o(i.TIM_OC3NPolarityConfig)
    TIM_OC3PolarityConfig                    0x20004563   Thumb Code    26  stm32f10x_tim.o(i.TIM_OC3PolarityConfig)
    TIM_OC3PreloadConfig                     0x2000457d   Thumb Code    18  stm32f10x_tim.o(i.TIM_OC3PreloadConfig)
    TIM_OC4FastConfig                        0x2000458f   Thumb Code    26  stm32f10x_tim.o(i.TIM_OC4FastConfig)
    TIM_OC4Init                              0x200045a9   Thumb Code   114  stm32f10x_tim.o(i.TIM_OC4Init)
    TIM_OC4PolarityConfig                    0x20004625   Thumb Code    26  stm32f10x_tim.o(i.TIM_OC4PolarityConfig)
    TIM_OC4PreloadConfig                     0x2000463f   Thumb Code    26  stm32f10x_tim.o(i.TIM_OC4PreloadConfig)
    TIM_OCStructInit                         0x20004659   Thumb Code    20  stm32f10x_tim.o(i.TIM_OCStructInit)
    TIM_PWMIConfig                           0x2000466d   Thumb Code   124  stm32f10x_tim.o(i.TIM_PWMIConfig)
    TIM_PrescalerConfig                      0x200046e9   Thumb Code     6  stm32f10x_tim.o(i.TIM_PrescalerConfig)
    TIM_SelectCCDMA                          0x200046ef   Thumb Code    24  stm32f10x_tim.o(i.TIM_SelectCCDMA)
    TIM_SelectCOM                            0x20004707   Thumb Code    24  stm32f10x_tim.o(i.TIM_SelectCOM)
    TIM_SelectHallSensor                     0x2000471f   Thumb Code    24  stm32f10x_tim.o(i.TIM_SelectHallSensor)
    TIM_SelectInputTrigger                   0x20004737   Thumb Code    18  stm32f10x_tim.o(i.TIM_SelectInputTrigger)
    TIM_SelectMasterSlaveMode                0x20004749   Thumb Code    18  stm32f10x_tim.o(i.TIM_SelectMasterSlaveMode)
    TIM_SelectOCxM                           0x2000475b   Thumb Code    82  stm32f10x_tim.o(i.TIM_SelectOCxM)
    TIM_SelectOnePulseMode                   0x200047ad   Thumb Code    18  stm32f10x_tim.o(i.TIM_SelectOnePulseMode)
    TIM_SelectOutputTrigger                  0x200047bf   Thumb Code    18  stm32f10x_tim.o(i.TIM_SelectOutputTrigger)
    TIM_SelectSlaveMode                      0x200047d1   Thumb Code    18  stm32f10x_tim.o(i.TIM_SelectSlaveMode)
    TIM_SetAutoreload                        0x200047e3   Thumb Code     4  stm32f10x_tim.o(i.TIM_SetAutoreload)
    TIM_SetClockDivision                     0x200047e7   Thumb Code    18  stm32f10x_tim.o(i.TIM_SetClockDivision)
    TIM_SetCompare1                          0x200047f9   Thumb Code     4  stm32f10x_tim.o(i.TIM_SetCompare1)
    TIM_SetCompare2                          0x200047fd   Thumb Code     4  stm32f10x_tim.o(i.TIM_SetCompare2)
    TIM_SetCompare3                          0x20004801   Thumb Code     4  stm32f10x_tim.o(i.TIM_SetCompare3)
    TIM_SetCompare4                          0x20004805   Thumb Code     6  stm32f10x_tim.o(i.TIM_SetCompare4)
    TIM_SetCounter                           0x2000480b   Thumb Code     4  stm32f10x_tim.o(i.TIM_SetCounter)
    TIM_SetIC1Prescaler                      0x2000480f   Thumb Code    18  stm32f10x_tim.o(i.TIM_SetIC1Prescaler)
    TIM_SetIC2Prescaler                      0x20004821   Thumb Code    26  stm32f10x_tim.o(i.TIM_SetIC2Prescaler)
    TIM_SetIC3Prescaler                      0x2000483b   Thumb Code    18  stm32f10x_tim.o(i.TIM_SetIC3Prescaler)
    TIM_SetIC4Prescaler                      0x2000484d   Thumb Code    26  stm32f10x_tim.o(i.TIM_SetIC4Prescaler)
    TIM_TIxExternalClockConfig               0x20004867   Thumb Code    62  stm32f10x_tim.o(i.TIM_TIxExternalClockConfig)
    TIM_TimeBaseInit                         0x200048a5   Thumb Code   122  stm32f10x_tim.o(i.TIM_TimeBaseInit)
    TIM_TimeBaseStructInit                   0x20004949   Thumb Code    18  stm32f10x_tim.o(i.TIM_TimeBaseStructInit)
    TIM_UpdateDisableConfig                  0x2000495b   Thumb Code    24  stm32f10x_tim.o(i.TIM_UpdateDisableConfig)
    TIM_UpdateRequestConfig                  0x20004973   Thumb Code    24  stm32f10x_tim.o(i.TIM_UpdateRequestConfig)
    USART_ClearFlag                          0x2000498b   Thumb Code    18  stm32f10x_usart.o(i.USART_ClearFlag)
    USART_ClearITPendingBit                  0x2000499d   Thumb Code    30  stm32f10x_usart.o(i.USART_ClearITPendingBit)
    USART_ClockInit                          0x200049bb   Thumb Code    34  stm32f10x_usart.o(i.USART_ClockInit)
    USART_ClockStructInit                    0x200049dd   Thumb Code    12  stm32f10x_usart.o(i.USART_ClockStructInit)
    USART_Cmd                                0x200049e9   Thumb Code    24  stm32f10x_usart.o(i.USART_Cmd)
    USART_DMACmd                             0x20004a01   Thumb Code    18  stm32f10x_usart.o(i.USART_DMACmd)
    USART_DeInit                             0x20004a15   Thumb Code   134  stm32f10x_usart.o(i.USART_DeInit)
    USART_GetFlagStatus                      0x20004ab1   Thumb Code    26  stm32f10x_usart.o(i.USART_GetFlagStatus)
    USART_GetITStatus                        0x20004acb   Thumb Code    84  stm32f10x_usart.o(i.USART_GetITStatus)
    USART_HalfDuplexCmd                      0x20004b1f   Thumb Code    24  stm32f10x_usart.o(i.USART_HalfDuplexCmd)
    USART_ITConfig                           0x20004b37   Thumb Code    74  stm32f10x_usart.o(i.USART_ITConfig)
    USART_Init                               0x20004b81   Thumb Code   210  stm32f10x_usart.o(i.USART_Init)
    USART_IrDACmd                            0x20004c59   Thumb Code    24  stm32f10x_usart.o(i.USART_IrDACmd)
    USART_IrDAConfig                         0x20004c71   Thumb Code    18  stm32f10x_usart.o(i.USART_IrDAConfig)
    USART_LINBreakDetectLengthConfig         0x20004c83   Thumb Code    18  stm32f10x_usart.o(i.USART_LINBreakDetectLengthConfig)
    USART_LINCmd                             0x20004c95   Thumb Code    24  stm32f10x_usart.o(i.USART_LINCmd)
    USART_OneBitMethodCmd                    0x20004cad   Thumb Code    24  stm32f10x_usart.o(i.USART_OneBitMethodCmd)
    USART_OverSampling8Cmd                   0x20004cc5   Thumb Code    22  stm32f10x_usart.o(i.USART_OverSampling8Cmd)
    USART_ReceiveData                        0x20004cdb   Thumb Code    10  stm32f10x_usart.o(i.USART_ReceiveData)
    USART_ReceiverWakeUpCmd                  0x20004ce5   Thumb Code    24  stm32f10x_usart.o(i.USART_ReceiverWakeUpCmd)
    USART_SendBreak                          0x20004cfd   Thumb Code    10  stm32f10x_usart.o(i.USART_SendBreak)
    USART_SendData                           0x20004d07   Thumb Code     8  stm32f10x_usart.o(i.USART_SendData)
    USART_SetAddress                         0x20004d0f   Thumb Code    18  stm32f10x_usart.o(i.USART_SetAddress)
    USART_SetGuardTime                       0x20004d21   Thumb Code    16  stm32f10x_usart.o(i.USART_SetGuardTime)
    USART_SetPrescaler                       0x20004d31   Thumb Code    16  stm32f10x_usart.o(i.USART_SetPrescaler)
    USART_SmartCardCmd                       0x20004d41   Thumb Code    24  stm32f10x_usart.o(i.USART_SmartCardCmd)
    USART_SmartCardNACKCmd                   0x20004d59   Thumb Code    24  stm32f10x_usart.o(i.USART_SmartCardNACKCmd)
    USART_StructInit                         0x20004d71   Thumb Code    24  stm32f10x_usart.o(i.USART_StructInit)
    USART_WakeUpConfig                       0x20004d89   Thumb Code    18  stm32f10x_usart.o(i.USART_WakeUpConfig)
    UsageFault_Handler                       0x20004d9b   Thumb Code     4  stm32f10x_it.o(i.UsageFault_Handler)
    WWDG_ClearFlag                           0x20004da1   Thumb Code     8  stm32f10x_wwdg.o(i.WWDG_ClearFlag)
    WWDG_DeInit                              0x20004dad   Thumb Code    22  stm32f10x_wwdg.o(i.WWDG_DeInit)
    WWDG_Enable                              0x20004dc5   Thumb Code    10  stm32f10x_wwdg.o(i.WWDG_Enable)
    WWDG_EnableIT                            0x20004dd5   Thumb Code     8  stm32f10x_wwdg.o(i.WWDG_EnableIT)
    WWDG_GetFlagStatus                       0x20004de1   Thumb Code     8  stm32f10x_wwdg.o(i.WWDG_GetFlagStatus)
    WWDG_SetCounter                          0x20004ded   Thumb Code    10  stm32f10x_wwdg.o(i.WWDG_SetCounter)
    WWDG_SetPrescaler                        0x20004dfd   Thumb Code    18  stm32f10x_wwdg.o(i.WWDG_SetPrescaler)
    WWDG_SetWindowValue                      0x20004e15   Thumb Code    34  stm32f10x_wwdg.o(i.WWDG_SetWindowValue)
    app_main                                 0x20004e3d   Thumb Code    14  main.o(i.app_main)
    SystemCoreClock                          0x20004e4c   Data           4  system_stm32f10x.o(.data)
    AHBPrescTable                            0x20004e50   Data          16  system_stm32f10x.o(.data)



==============================================================================

Memory Map of the image

  Image entry point : Not specified.

  Load Region LR_IROM1 (Base: 0x20000000, Size: 0x00004e74, Max: 0x00005000, ABSOLUTE)

    Execution Region ER_IROM1 (Exec base: 0x20000000, Load base: 0x20000000, Size: 0x00004e74, Max: 0x00005000, ABSOLUTE)

    Exec Addr    Load Addr    Size         Type   Attr      Idx    E Section Name        Object

    0x20000000   0x20000000   0x00000008   Data   RO          130    RESET               startup_stm32f10x_md.o
    0x20000008   0x20000008   0x00000020   Code   RO            1    .emb_text           core_cm3.o
    0x20000028   0x20000028   0x00000004   Code   RO          131    .text               startup_stm32f10x_md.o
    0x2000002c   0x2000002c   0x00000014   Code   RO          194    i.ADC_AnalogWatchdogCmd  stm32f10x_adc.o
    0x20000040   0x20000040   0x00000010   Code   RO          195    i.ADC_AnalogWatchdogSingleChannelConfig  stm32f10x_adc.o
    0x20000050   0x20000050   0x00000006   Code   RO          196    i.ADC_AnalogWatchdogThresholdsConfig  stm32f10x_adc.o
    0x20000056   0x20000056   0x00000016   Code   RO          197    i.ADC_AutoInjectedConvCmd  stm32f10x_adc.o
    0x2000006c   0x2000006c   0x00000006   Code   RO          198    i.ADC_ClearFlag     stm32f10x_adc.o
    0x20000072   0x20000072   0x0000000a   Code   RO          199    i.ADC_ClearITPendingBit  stm32f10x_adc.o
    0x2000007c   0x2000007c   0x00000016   Code   RO          200    i.ADC_Cmd           stm32f10x_adc.o
    0x20000092   0x20000092   0x00000016   Code   RO          201    i.ADC_DMACmd        stm32f10x_adc.o
    0x200000a8   0x200000a8   0x0000005c   Code   RO          202    i.ADC_DeInit        stm32f10x_adc.o
    0x20000104   0x20000104   0x00000018   Code   RO          203    i.ADC_DiscModeChannelCountConfig  stm32f10x_adc.o
    0x2000011c   0x2000011c   0x00000016   Code   RO          204    i.ADC_DiscModeCmd   stm32f10x_adc.o
    0x20000132   0x20000132   0x00000016   Code   RO          205    i.ADC_ExternalTrigConvCmd  stm32f10x_adc.o
    0x20000148   0x20000148   0x00000016   Code   RO          206    i.ADC_ExternalTrigInjectedConvCmd  stm32f10x_adc.o
    0x2000015e   0x2000015e   0x00000010   Code   RO          207    i.ADC_ExternalTrigInjectedConvConfig  stm32f10x_adc.o
    0x2000016e   0x2000016e   0x00000014   Code   RO          208    i.ADC_GetCalibrationStatus  stm32f10x_adc.o
    0x20000182   0x20000182   0x00000008   Code   RO          209    i.ADC_GetConversionValue  stm32f10x_adc.o
    0x2000018a   0x2000018a   0x00000002   PAD
    0x2000018c   0x2000018c   0x0000000c   Code   RO          210    i.ADC_GetDualModeConversionValue  stm32f10x_adc.o
    0x20000198   0x20000198   0x00000012   Code   RO          211    i.ADC_GetFlagStatus  stm32f10x_adc.o
    0x200001aa   0x200001aa   0x00000024   Code   RO          212    i.ADC_GetITStatus   stm32f10x_adc.o
    0x200001ce   0x200001ce   0x0000001c   Code   RO          213    i.ADC_GetInjectedConversionValue  stm32f10x_adc.o
    0x200001ea   0x200001ea   0x00000014   Code   RO          214    i.ADC_GetResetCalibrationStatus  stm32f10x_adc.o
    0x200001fe   0x200001fe   0x00000014   Code   RO          215    i.ADC_GetSoftwareStartConvStatus  stm32f10x_adc.o
    0x20000212   0x20000212   0x00000014   Code   RO          216    i.ADC_GetSoftwareStartInjectedConvCmdStatus  stm32f10x_adc.o
    0x20000226   0x20000226   0x00000018   Code   RO          217    i.ADC_ITConfig      stm32f10x_adc.o
    0x2000023e   0x2000023e   0x00000002   PAD
    0x20000240   0x20000240   0x00000050   Code   RO          218    i.ADC_Init          stm32f10x_adc.o
    0x20000290   0x20000290   0x00000082   Code   RO          219    i.ADC_InjectedChannelConfig  stm32f10x_adc.o
    0x20000312   0x20000312   0x00000016   Code   RO          220    i.ADC_InjectedDiscModeCmd  stm32f10x_adc.o
    0x20000328   0x20000328   0x00000018   Code   RO          221    i.ADC_InjectedSequencerLengthConfig  stm32f10x_adc.o
    0x20000340   0x20000340   0x000000b8   Code   RO          222    i.ADC_RegularChannelConfig  stm32f10x_adc.o
    0x200003f8   0x200003f8   0x0000000a   Code   RO          223    i.ADC_ResetCalibration  stm32f10x_adc.o
    0x20000402   0x20000402   0x00000014   Code   RO          224    i.ADC_SetInjectedOffset  stm32f10x_adc.o
    0x20000416   0x20000416   0x00000016   Code   RO          225    i.ADC_SoftwareStartConvCmd  stm32f10x_adc.o
    0x2000042c   0x2000042c   0x00000016   Code   RO          226    i.ADC_SoftwareStartInjectedConvCmd  stm32f10x_adc.o
    0x20000442   0x20000442   0x0000000a   Code   RO          227    i.ADC_StartCalibration  stm32f10x_adc.o
    0x2000044c   0x2000044c   0x00000012   Code   RO          228    i.ADC_StructInit    stm32f10x_adc.o
    0x2000045e   0x2000045e   0x00000002   PAD
    0x20000460   0x20000460   0x00000024   Code   RO          229    i.ADC_TempSensorVrefintCmd  stm32f10x_adc.o
    0x20000484   0x20000484   0x00000014   Code   RO          422    i.BKP_ClearFlag     stm32f10x_bkp.o
    0x20000498   0x20000498   0x00000014   Code   RO          423    i.BKP_ClearITPendingBit  stm32f10x_bkp.o
    0x200004ac   0x200004ac   0x00000010   Code   RO          424    i.BKP_DeInit        stm32f10x_bkp.o
    0x200004bc   0x200004bc   0x0000000c   Code   RO          425    i.BKP_GetFlagStatus  stm32f10x_bkp.o
    0x200004c8   0x200004c8   0x0000000c   Code   RO          426    i.BKP_GetITStatus   stm32f10x_bkp.o
    0x200004d4   0x200004d4   0x0000000c   Code   RO          427    i.BKP_ITConfig      stm32f10x_bkp.o
    0x200004e0   0x200004e0   0x0000001c   Code   RO          428    i.BKP_RTCOutputConfig  stm32f10x_bkp.o
    0x200004fc   0x200004fc   0x0000001c   Code   RO          429    i.BKP_ReadBackupRegister  stm32f10x_bkp.o
    0x20000518   0x20000518   0x0000001c   Code   RO          430    i.BKP_SetRTCCalibrationValue  stm32f10x_bkp.o
    0x20000534   0x20000534   0x0000000c   Code   RO          431    i.BKP_TamperPinCmd  stm32f10x_bkp.o
    0x20000540   0x20000540   0x0000000c   Code   RO          432    i.BKP_TamperPinLevelConfig  stm32f10x_bkp.o
    0x2000054c   0x2000054c   0x0000001c   Code   RO          433    i.BKP_WriteBackupRegister  stm32f10x_bkp.o
    0x20000568   0x20000568   0x00000004   Code   RO         3319    i.BusFault_Handler  stm32f10x_it.o
    0x2000056c   0x2000056c   0x00000030   Code   RO          503    i.CAN_CancelTransmit  stm32f10x_can.o
    0x2000059c   0x2000059c   0x00000038   Code   RO          504    i.CAN_ClearFlag     stm32f10x_can.o
    0x200005d4   0x200005d4   0x000000a8   Code   RO          505    i.CAN_ClearITPendingBit  stm32f10x_can.o
    0x2000067c   0x2000067c   0x00000016   Code   RO          506    i.CAN_DBGFreeze     stm32f10x_can.o
    0x20000692   0x20000692   0x00000002   PAD
    0x20000694   0x20000694   0x00000038   Code   RO          507    i.CAN_DeInit        stm32f10x_can.o
    0x200006cc   0x200006cc   0x00000016   Code   RO          508    i.CAN_FIFORelease   stm32f10x_can.o
    0x200006e2   0x200006e2   0x00000002   PAD
    0x200006e4   0x200006e4   0x00000108   Code   RO          509    i.CAN_FilterInit    stm32f10x_can.o
    0x200007ec   0x200007ec   0x00000078   Code   RO          510    i.CAN_GetFlagStatus  stm32f10x_can.o
    0x20000864   0x20000864   0x00000120   Code   RO          511    i.CAN_GetITStatus   stm32f10x_can.o
    0x20000984   0x20000984   0x0000000c   Code   RO          512    i.CAN_GetLSBTransmitErrorCounter  stm32f10x_can.o
    0x20000990   0x20000990   0x0000000c   Code   RO          513    i.CAN_GetLastErrorCode  stm32f10x_can.o
    0x2000099c   0x2000099c   0x0000000a   Code   RO          514    i.CAN_GetReceiveErrorCounter  stm32f10x_can.o
    0x200009a6   0x200009a6   0x00000012   Code   RO          515    i.CAN_ITConfig      stm32f10x_can.o
    0x200009b8   0x200009b8   0x00000114   Code   RO          516    i.CAN_Init          stm32f10x_can.o
    0x20000acc   0x20000acc   0x0000001e   Code   RO          517    i.CAN_MessagePending  stm32f10x_can.o
    0x20000aea   0x20000aea   0x000000a2   Code   RO          518    i.CAN_OperatingModeRequest  stm32f10x_can.o
    0x20000b8c   0x20000b8c   0x000000f0   Code   RO          519    i.CAN_Receive       stm32f10x_can.o
    0x20000c7c   0x20000c7c   0x00000034   Code   RO          520    i.CAN_SlaveStartBank  stm32f10x_can.o
    0x20000cb0   0x20000cb0   0x0000001e   Code   RO          521    i.CAN_Sleep         stm32f10x_can.o
    0x20000cce   0x20000cce   0x00000020   Code   RO          522    i.CAN_StructInit    stm32f10x_can.o
    0x20000cee   0x20000cee   0x00000076   Code   RO          523    i.CAN_TTComModeCmd  stm32f10x_can.o
    0x20000d64   0x20000d64   0x00000126   Code   RO          524    i.CAN_Transmit      stm32f10x_can.o
    0x20000e8a   0x20000e8a   0x00000002   PAD
    0x20000e8c   0x20000e8c   0x000000a0   Code   RO          525    i.CAN_TransmitStatus  stm32f10x_can.o
    0x20000f2c   0x20000f2c   0x00000030   Code   RO          526    i.CAN_WakeUp        stm32f10x_can.o
    0x20000f5c   0x20000f5c   0x00000024   Code   RO          661    i.CEC_ClearFlag     stm32f10x_cec.o
    0x20000f80   0x20000f80   0x00000024   Code   RO          662    i.CEC_ClearITPendingBit  stm32f10x_cec.o
    0x20000fa4   0x20000fa4   0x00000020   Code   RO          663    i.CEC_Cmd           stm32f10x_cec.o
    0x20000fc4   0x20000fc4   0x00000016   Code   RO          664    i.CEC_DeInit        stm32f10x_cec.o
    0x20000fda   0x20000fda   0x00000002   PAD
    0x20000fdc   0x20000fdc   0x0000000c   Code   RO          665    i.CEC_EndOfMessageCmd  stm32f10x_cec.o
    0x20000fe8   0x20000fe8   0x00000030   Code   RO          666    i.CEC_GetFlagStatus  stm32f10x_cec.o
    0x20001018   0x20001018   0x00000028   Code   RO          667    i.CEC_GetITStatus   stm32f10x_cec.o
    0x20001040   0x20001040   0x0000000c   Code   RO          668    i.CEC_ITConfig      stm32f10x_cec.o
    0x2000104c   0x2000104c   0x00000020   Code   RO          669    i.CEC_Init          stm32f10x_cec.o
    0x2000106c   0x2000106c   0x0000000c   Code   RO          670    i.CEC_OwnAddressConfig  stm32f10x_cec.o
    0x20001078   0x20001078   0x0000000c   Code   RO          671    i.CEC_ReceiveDataByte  stm32f10x_cec.o
    0x20001084   0x20001084   0x0000000c   Code   RO          672    i.CEC_SendDataByte  stm32f10x_cec.o
    0x20001090   0x20001090   0x0000000c   Code   RO          673    i.CEC_SetPrescaler  stm32f10x_cec.o
    0x2000109c   0x2000109c   0x0000000c   Code   RO          674    i.CEC_StartOfMessage  stm32f10x_cec.o
    0x200010a8   0x200010a8   0x00000024   Code   RO          754    i.CRC_CalcBlockCRC  stm32f10x_crc.o
    0x200010cc   0x200010cc   0x00000010   Code   RO          755    i.CRC_CalcCRC       stm32f10x_crc.o
    0x200010dc   0x200010dc   0x0000000c   Code   RO          756    i.CRC_GetCRC        stm32f10x_crc.o
    0x200010e8   0x200010e8   0x0000000c   Code   RO          757    i.CRC_GetIDRegister  stm32f10x_crc.o
    0x200010f4   0x200010f4   0x0000000c   Code   RO          758    i.CRC_ResetDR       stm32f10x_crc.o
    0x20001100   0x20001100   0x0000000c   Code   RO          759    i.CRC_SetIDRegister  stm32f10x_crc.o
    0x2000110c   0x2000110c   0x00000012   Code   RO          527    i.CheckITStatus     stm32f10x_can.o
    0x2000111e   0x2000111e   0x00000002   PAD
    0x20001120   0x20001120   0x00000028   Code   RO          799    i.DAC_Cmd           stm32f10x_dac.o
    0x20001148   0x20001148   0x0000002c   Code   RO          800    i.DAC_DMACmd        stm32f10x_dac.o
    0x20001174   0x20001174   0x00000016   Code   RO          801    i.DAC_DeInit        stm32f10x_dac.o
    0x2000118a   0x2000118a   0x00000002   PAD
    0x2000118c   0x2000118c   0x00000024   Code   RO          802    i.DAC_DualSoftwareTriggerCmd  stm32f10x_dac.o
    0x200011b0   0x200011b0   0x00000024   Code   RO          803    i.DAC_GetDataOutputValue  stm32f10x_dac.o
    0x200011d4   0x200011d4   0x00000034   Code   RO          804    i.DAC_Init          stm32f10x_dac.o
    0x20001208   0x20001208   0x00000020   Code   RO          805    i.DAC_SetChannel1Data  stm32f10x_dac.o
    0x20001228   0x20001228   0x00000020   Code   RO          806    i.DAC_SetChannel2Data  stm32f10x_dac.o
    0x20001248   0x20001248   0x00000024   Code   RO          807    i.DAC_SetDualChannelData  stm32f10x_dac.o
    0x2000126c   0x2000126c   0x0000002c   Code   RO          808    i.DAC_SoftwareTriggerCmd  stm32f10x_dac.o
    0x20001298   0x20001298   0x0000000c   Code   RO          809    i.DAC_StructInit    stm32f10x_dac.o
    0x200012a4   0x200012a4   0x00000028   Code   RO          810    i.DAC_WaveGenerationCmd  stm32f10x_dac.o
    0x200012cc   0x200012cc   0x00000020   Code   RO          880    i.DBGMCU_Config     stm32f10x_dbgmcu.o
    0x200012ec   0x200012ec   0x00000010   Code   RO          881    i.DBGMCU_GetDEVID   stm32f10x_dbgmcu.o
    0x200012fc   0x200012fc   0x0000000c   Code   RO          882    i.DBGMCU_GetREVID   stm32f10x_dbgmcu.o
    0x20001308   0x20001308   0x0000001c   Code   RO          907    i.DMA_ClearFlag     stm32f10x_dma.o
    0x20001324   0x20001324   0x0000001c   Code   RO          908    i.DMA_ClearITPendingBit  stm32f10x_dma.o
    0x20001340   0x20001340   0x00000018   Code   RO          909    i.DMA_Cmd           stm32f10x_dma.o
    0x20001358   0x20001358   0x0000014c   Code   RO          910    i.DMA_DeInit        stm32f10x_dma.o
    0x200014a4   0x200014a4   0x00000008   Code   RO          911    i.DMA_GetCurrDataCounter  stm32f10x_dma.o
    0x200014ac   0x200014ac   0x0000002c   Code   RO          912    i.DMA_GetFlagStatus  stm32f10x_dma.o
    0x200014d8   0x200014d8   0x0000002c   Code   RO          913    i.DMA_GetITStatus   stm32f10x_dma.o
    0x20001504   0x20001504   0x00000012   Code   RO          914    i.DMA_ITConfig      stm32f10x_dma.o
    0x20001516   0x20001516   0x0000003c   Code   RO          915    i.DMA_Init          stm32f10x_dma.o
    0x20001552   0x20001552   0x00000004   Code   RO          916    i.DMA_SetCurrDataCounter  stm32f10x_dma.o
    0x20001556   0x20001556   0x0000001a   Code   RO          917    i.DMA_StructInit    stm32f10x_dma.o
    0x20001570   0x20001570   0x00000002   Code   RO         3320    i.DebugMon_Handler  stm32f10x_it.o
    0x20001572   0x20001572   0x00000018   Code   RO         3194    i.Delay_ms          delay.o
    0x2000158a   0x2000158a   0x00000018   Code   RO         3195    i.Delay_s           delay.o
    0x200015a2   0x200015a2   0x0000002e   Code   RO         3196    i.Delay_us          delay.o
    0x200015d0   0x200015d0   0x0000000c   Code   RO          982    i.EXTI_ClearFlag    stm32f10x_exti.o
    0x200015dc   0x200015dc   0x0000000c   Code   RO          983    i.EXTI_ClearITPendingBit  stm32f10x_exti.o
    0x200015e8   0x200015e8   0x00000024   Code   RO          984    i.EXTI_DeInit       stm32f10x_exti.o
    0x2000160c   0x2000160c   0x00000010   Code   RO          985    i.EXTI_GenerateSWInterrupt  stm32f10x_exti.o
    0x2000161c   0x2000161c   0x00000018   Code   RO          986    i.EXTI_GetFlagStatus  stm32f10x_exti.o
    0x20001634   0x20001634   0x00000028   Code   RO          987    i.EXTI_GetITStatus  stm32f10x_exti.o
    0x2000165c   0x2000165c   0x00000094   Code   RO          988    i.EXTI_Init         stm32f10x_exti.o
    0x200016f0   0x200016f0   0x00000010   Code   RO          989    i.EXTI_StructInit   stm32f10x_exti.o
    0x20001700   0x20001700   0x0000000c   Code   RO         1039    i.FLASH_ClearFlag   stm32f10x_flash.o
    0x2000170c   0x2000170c   0x000000c4   Code   RO         1040    i.FLASH_EnableWriteProtection  stm32f10x_flash.o
    0x200017d0   0x200017d0   0x00000048   Code   RO         1041    i.FLASH_EraseAllBank1Pages  stm32f10x_flash.o
    0x20001818   0x20001818   0x00000048   Code   RO         1042    i.FLASH_EraseAllPages  stm32f10x_flash.o
    0x20001860   0x20001860   0x000000a8   Code   RO         1043    i.FLASH_EraseOptionBytes  stm32f10x_flash.o
    0x20001908   0x20001908   0x0000004c   Code   RO         1044    i.FLASH_ErasePage   stm32f10x_flash.o
    0x20001954   0x20001954   0x00000034   Code   RO         1045    i.FLASH_GetBank1Status  stm32f10x_flash.o
    0x20001988   0x20001988   0x00000030   Code   RO         1046    i.FLASH_GetFlagStatus  stm32f10x_flash.o
    0x200019b8   0x200019b8   0x00000018   Code   RO         1047    i.FLASH_GetPrefetchBufferStatus  stm32f10x_flash.o
    0x200019d0   0x200019d0   0x00000018   Code   RO         1048    i.FLASH_GetReadOutProtectionStatus  stm32f10x_flash.o
    0x200019e8   0x200019e8   0x00000034   Code   RO         1049    i.FLASH_GetStatus   stm32f10x_flash.o
    0x20001a1c   0x20001a1c   0x0000000c   Code   RO         1050    i.FLASH_GetUserOptionByte  stm32f10x_flash.o
    0x20001a28   0x20001a28   0x0000000c   Code   RO         1051    i.FLASH_GetWriteProtectionOptionByte  stm32f10x_flash.o
    0x20001a34   0x20001a34   0x0000001c   Code   RO         1052    i.FLASH_HalfCycleAccessCmd  stm32f10x_flash.o
    0x20001a50   0x20001a50   0x00000020   Code   RO         1053    i.FLASH_ITConfig    stm32f10x_flash.o
    0x20001a70   0x20001a70   0x00000014   Code   RO         1054    i.FLASH_Lock        stm32f10x_flash.o
    0x20001a84   0x20001a84   0x00000014   Code   RO         1055    i.FLASH_LockBank1   stm32f10x_flash.o
    0x20001a98   0x20001a98   0x0000001c   Code   RO         1056    i.FLASH_PrefetchBufferCmd  stm32f10x_flash.o
    0x20001ab4   0x20001ab4   0x00000040   Code   RO         1057    i.FLASH_ProgramHalfWord  stm32f10x_flash.o
    0x20001af4   0x20001af4   0x00000054   Code   RO         1058    i.FLASH_ProgramOptionByteData  stm32f10x_flash.o
    0x20001b48   0x20001b48   0x0000006c   Code   RO         1059    i.FLASH_ProgramWord  stm32f10x_flash.o
    0x20001bb4   0x20001bb4   0x000000ac   Code   RO         1060    i.FLASH_ReadOutProtection  stm32f10x_flash.o
    0x20001c60   0x20001c60   0x00000018   Code   RO         1061    i.FLASH_SetLatency  stm32f10x_flash.o
    0x20001c78   0x20001c78   0x00000018   Code   RO         1062    i.FLASH_Unlock      stm32f10x_flash.o
    0x20001c90   0x20001c90   0x00000018   Code   RO         1063    i.FLASH_UnlockBank1  stm32f10x_flash.o
    0x20001ca8   0x20001ca8   0x00000068   Code   RO         1064    i.FLASH_UserOptionByteConfig  stm32f10x_flash.o
    0x20001d10   0x20001d10   0x00000026   Code   RO         1065    i.FLASH_WaitForLastBank1Operation  stm32f10x_flash.o
    0x20001d36   0x20001d36   0x00000026   Code   RO         1066    i.FLASH_WaitForLastOperation  stm32f10x_flash.o
    0x20001d5c   0x20001d5c   0x00000040   Code   RO         1216    i.FSMC_ClearFlag    stm32f10x_fsmc.o
    0x20001d9c   0x20001d9c   0x00000048   Code   RO         1217    i.FSMC_ClearITPendingBit  stm32f10x_fsmc.o
    0x20001de4   0x20001de4   0x0000001c   Code   RO         1218    i.FSMC_GetECC       stm32f10x_fsmc.o
    0x20001e00   0x20001e00   0x00000038   Code   RO         1219    i.FSMC_GetFlagStatus  stm32f10x_fsmc.o
    0x20001e38   0x20001e38   0x00000044   Code   RO         1220    i.FSMC_GetITStatus  stm32f10x_fsmc.o
    0x20001e7c   0x20001e7c   0x00000080   Code   RO         1221    i.FSMC_ITConfig     stm32f10x_fsmc.o
    0x20001efc   0x20001efc   0x0000005c   Code   RO         1222    i.FSMC_NANDCmd      stm32f10x_fsmc.o
    0x20001f58   0x20001f58   0x00000044   Code   RO         1223    i.FSMC_NANDDeInit   stm32f10x_fsmc.o
    0x20001f9c   0x20001f9c   0x0000005c   Code   RO         1224    i.FSMC_NANDECCCmd   stm32f10x_fsmc.o
    0x20001ff8   0x20001ff8   0x00000088   Code   RO         1225    i.FSMC_NANDInit     stm32f10x_fsmc.o
    0x20002080   0x20002080   0x00000036   Code   RO         1226    i.FSMC_NANDStructInit  stm32f10x_fsmc.o
    0x200020b6   0x200020b6   0x00000002   PAD
    0x200020b8   0x200020b8   0x00000034   Code   RO         1227    i.FSMC_NORSRAMCmd   stm32f10x_fsmc.o
    0x200020ec   0x200020ec   0x00000036   Code   RO         1228    i.FSMC_NORSRAMDeInit  stm32f10x_fsmc.o
    0x20002122   0x20002122   0x000000e6   Code   RO         1229    i.FSMC_NORSRAMInit  stm32f10x_fsmc.o
    0x20002208   0x20002208   0x00000072   Code   RO         1230    i.FSMC_NORSRAMStructInit  stm32f10x_fsmc.o
    0x2000227a   0x2000227a   0x00000002   PAD
    0x2000227c   0x2000227c   0x00000030   Code   RO         1231    i.FSMC_PCCARDCmd    stm32f10x_fsmc.o
    0x200022ac   0x200022ac   0x00000028   Code   RO         1232    i.FSMC_PCCARDDeInit  stm32f10x_fsmc.o
    0x200022d4   0x200022d4   0x00000084   Code   RO         1233    i.FSMC_PCCARDInit   stm32f10x_fsmc.o
    0x20002358   0x20002358   0x0000003c   Code   RO         1234    i.FSMC_PCCARDStructInit  stm32f10x_fsmc.o
    0x20002394   0x20002394   0x00000014   Code   RO         1339    i.GPIO_AFIODeInit   stm32f10x_gpio.o
    0x200023a8   0x200023a8   0x000000c8   Code   RO         1340    i.GPIO_DeInit       stm32f10x_gpio.o
    0x20002470   0x20002470   0x0000000c   Code   RO         1341    i.GPIO_ETH_MediaInterfaceConfig  stm32f10x_gpio.o
    0x2000247c   0x2000247c   0x00000040   Code   RO         1342    i.GPIO_EXTILineConfig  stm32f10x_gpio.o
    0x200024bc   0x200024bc   0x0000000c   Code   RO         1343    i.GPIO_EventOutputCmd  stm32f10x_gpio.o
    0x200024c8   0x200024c8   0x00000020   Code   RO         1344    i.GPIO_EventOutputConfig  stm32f10x_gpio.o
    0x200024e8   0x200024e8   0x00000116   Code   RO         1345    i.GPIO_Init         stm32f10x_gpio.o
    0x200025fe   0x200025fe   0x00000012   Code   RO         1346    i.GPIO_PinLockConfig  stm32f10x_gpio.o
    0x20002610   0x20002610   0x00000090   Code   RO         1347    i.GPIO_PinRemapConfig  stm32f10x_gpio.o
    0x200026a0   0x200026a0   0x00000008   Code   RO         1348    i.GPIO_ReadInputData  stm32f10x_gpio.o
    0x200026a8   0x200026a8   0x00000012   Code   RO         1349    i.GPIO_ReadInputDataBit  stm32f10x_gpio.o
    0x200026ba   0x200026ba   0x00000008   Code   RO         1350    i.GPIO_ReadOutputData  stm32f10x_gpio.o
    0x200026c2   0x200026c2   0x00000012   Code   RO         1351    i.GPIO_ReadOutputDataBit  stm32f10x_gpio.o
    0x200026d4   0x200026d4   0x00000004   Code   RO         1352    i.GPIO_ResetBits    stm32f10x_gpio.o
    0x200026d8   0x200026d8   0x00000004   Code   RO         1353    i.GPIO_SetBits      stm32f10x_gpio.o
    0x200026dc   0x200026dc   0x00000010   Code   RO         1354    i.GPIO_StructInit   stm32f10x_gpio.o
    0x200026ec   0x200026ec   0x00000004   Code   RO         1355    i.GPIO_Write        stm32f10x_gpio.o
    0x200026f0   0x200026f0   0x0000000a   Code   RO         1356    i.GPIO_WriteBit     stm32f10x_gpio.o
    0x200026fa   0x200026fa   0x00000004   Code   RO         3321    i.HardFault_Handler  stm32f10x_it.o
    0x200026fe   0x200026fe   0x00000018   Code   RO         1456    i.I2C_ARPCmd        stm32f10x_i2c.o
    0x20002716   0x20002716   0x00000018   Code   RO         1457    i.I2C_AcknowledgeConfig  stm32f10x_i2c.o
    0x2000272e   0x2000272e   0x00000018   Code   RO         1458    i.I2C_CalculatePEC  stm32f10x_i2c.o
    0x20002746   0x20002746   0x0000002a   Code   RO         1459    i.I2C_CheckEvent    stm32f10x_i2c.o
    0x20002770   0x20002770   0x0000000c   Code   RO         1460    i.I2C_ClearFlag     stm32f10x_i2c.o
    0x2000277c   0x2000277c   0x0000000c   Code   RO         1461    i.I2C_ClearITPendingBit  stm32f10x_i2c.o
    0x20002788   0x20002788   0x00000018   Code   RO         1462    i.I2C_Cmd           stm32f10x_i2c.o
    0x200027a0   0x200027a0   0x00000018   Code   RO         1463    i.I2C_DMACmd        stm32f10x_i2c.o
    0x200027b8   0x200027b8   0x00000018   Code   RO         1464    i.I2C_DMALastTransferCmd  stm32f10x_i2c.o
    0x200027d0   0x200027d0   0x00000038   Code   RO         1465    i.I2C_DeInit        stm32f10x_i2c.o
    0x20002808   0x20002808   0x00000018   Code   RO         1466    i.I2C_DualAddressCmd  stm32f10x_i2c.o
    0x20002820   0x20002820   0x0000001c   Code   RO         1467    i.I2C_FastModeDutyCycleConfig  stm32f10x_i2c.o
    0x2000283c   0x2000283c   0x00000018   Code   RO         1468    i.I2C_GeneralCallCmd  stm32f10x_i2c.o
    0x20002854   0x20002854   0x00000018   Code   RO         1469    i.I2C_GenerateSTART  stm32f10x_i2c.o
    0x2000286c   0x2000286c   0x00000018   Code   RO         1470    i.I2C_GenerateSTOP  stm32f10x_i2c.o
    0x20002884   0x20002884   0x0000003a   Code   RO         1471    i.I2C_GetFlagStatus  stm32f10x_i2c.o
    0x200028be   0x200028be   0x00000026   Code   RO         1472    i.I2C_GetITStatus   stm32f10x_i2c.o
    0x200028e4   0x200028e4   0x0000001a   Code   RO         1473    i.I2C_GetLastEvent  stm32f10x_i2c.o
    0x200028fe   0x200028fe   0x00000008   Code   RO         1474    i.I2C_GetPEC        stm32f10x_i2c.o
    0x20002906   0x20002906   0x00000012   Code   RO         1475    i.I2C_ITConfig      stm32f10x_i2c.o
    0x20002918   0x20002918   0x000000ec   Code   RO         1476    i.I2C_Init          stm32f10x_i2c.o
    0x20002a04   0x20002a04   0x0000001c   Code   RO         1477    i.I2C_NACKPositionConfig  stm32f10x_i2c.o
    0x20002a20   0x20002a20   0x00000016   Code   RO         1478    i.I2C_OwnAddress2Config  stm32f10x_i2c.o
    0x20002a36   0x20002a36   0x0000001c   Code   RO         1479    i.I2C_PECPositionConfig  stm32f10x_i2c.o
    0x20002a52   0x20002a52   0x00000016   Code   RO         1480    i.I2C_ReadRegister  stm32f10x_i2c.o
    0x20002a68   0x20002a68   0x00000008   Code   RO         1481    i.I2C_ReceiveData   stm32f10x_i2c.o
    0x20002a70   0x20002a70   0x0000001c   Code   RO         1482    i.I2C_SMBusAlertConfig  stm32f10x_i2c.o
    0x20002a8c   0x20002a8c   0x00000012   Code   RO         1483    i.I2C_Send7bitAddress  stm32f10x_i2c.o
    0x20002a9e   0x20002a9e   0x00000004   Code   RO         1484    i.I2C_SendData      stm32f10x_i2c.o
    0x20002aa2   0x20002aa2   0x00000016   Code   RO         1485    i.I2C_SoftwareResetCmd  stm32f10x_i2c.o
    0x20002ab8   0x20002ab8   0x00000018   Code   RO         1486    i.I2C_StretchClockCmd  stm32f10x_i2c.o
    0x20002ad0   0x20002ad0   0x0000001e   Code   RO         1487    i.I2C_StructInit    stm32f10x_i2c.o
    0x20002aee   0x20002aee   0x00000018   Code   RO         1488    i.I2C_TransmitPEC   stm32f10x_i2c.o
    0x20002b06   0x20002b06   0x00000018   Code   RO         2256    i.I2S_Cmd           stm32f10x_spi.o
    0x20002b1e   0x20002b1e   0x00000002   PAD
    0x20002b20   0x20002b20   0x000000e8   Code   RO         2257    i.I2S_Init          stm32f10x_spi.o
    0x20002c08   0x20002c08   0x00000014   Code   RO         2258    i.I2S_StructInit    stm32f10x_spi.o
    0x20002c1c   0x20002c1c   0x00000010   Code   RO         1663    i.IWDG_Enable       stm32f10x_iwdg.o
    0x20002c2c   0x20002c2c   0x00000018   Code   RO         1664    i.IWDG_GetFlagStatus  stm32f10x_iwdg.o
    0x20002c44   0x20002c44   0x00000010   Code   RO         1665    i.IWDG_ReloadCounter  stm32f10x_iwdg.o
    0x20002c54   0x20002c54   0x0000000c   Code   RO         1666    i.IWDG_SetPrescaler  stm32f10x_iwdg.o
    0x20002c60   0x20002c60   0x0000000c   Code   RO         1667    i.IWDG_SetReload    stm32f10x_iwdg.o
    0x20002c6c   0x20002c6c   0x0000000c   Code   RO         1668    i.IWDG_WriteAccessCmd  stm32f10x_iwdg.o
    0x20002c78   0x20002c78   0x0000001a   Code   RO         3382    i.LED_Flash         led.o
    0x20002c92   0x20002c92   0x00000002   PAD
    0x20002c94   0x20002c94   0x00000030   Code   RO         3383    i.LED_Init          led.o
    0x20002cc4   0x20002cc4   0x00000014   Code   RO         3384    i.LED_OFF           led.o
    0x20002cd8   0x20002cd8   0x00000014   Code   RO         3385    i.LED_ON            led.o
    0x20002cec   0x20002cec   0x00000020   Code   RO         3386    i.LED_Turn          led.o
    0x20002d0c   0x20002d0c   0x00000004   Code   RO         3322    i.MemManage_Handler  stm32f10x_it.o
    0x20002d10   0x20002d10   0x00000002   Code   RO         3323    i.NMI_Handler       stm32f10x_it.o
    0x20002d12   0x20002d12   0x00000002   PAD
    0x20002d14   0x20002d14   0x00000070   Code   RO          135    i.NVIC_Init         misc.o
    0x20002d84   0x20002d84   0x00000014   Code   RO          136    i.NVIC_PriorityGroupConfig  misc.o
    0x20002d98   0x20002d98   0x00000014   Code   RO          137    i.NVIC_SetVectorTable  misc.o
    0x20002dac   0x20002dac   0x00000020   Code   RO          138    i.NVIC_SystemLPConfig  misc.o
    0x20002dcc   0x20002dcc   0x0000000c   Code   RO         1708    i.PWR_BackupAccessCmd  stm32f10x_pwr.o
    0x20002dd8   0x20002dd8   0x00000014   Code   RO         1709    i.PWR_ClearFlag     stm32f10x_pwr.o
    0x20002dec   0x20002dec   0x00000016   Code   RO         1710    i.PWR_DeInit        stm32f10x_pwr.o
    0x20002e02   0x20002e02   0x00000002   PAD
    0x20002e04   0x20002e04   0x00000034   Code   RO         1711    i.PWR_EnterSTANDBYMode  stm32f10x_pwr.o
    0x20002e38   0x20002e38   0x00000040   Code   RO         1712    i.PWR_EnterSTOPMode  stm32f10x_pwr.o
    0x20002e78   0x20002e78   0x00000018   Code   RO         1713    i.PWR_GetFlagStatus  stm32f10x_pwr.o
    0x20002e90   0x20002e90   0x0000000c   Code   RO         1714    i.PWR_PVDCmd        stm32f10x_pwr.o
    0x20002e9c   0x20002e9c   0x00000018   Code   RO         1715    i.PWR_PVDLevelConfig  stm32f10x_pwr.o
    0x20002eb4   0x20002eb4   0x0000000c   Code   RO         1716    i.PWR_WakeUpPinCmd  stm32f10x_pwr.o
    0x20002ec0   0x20002ec0   0x00000002   Code   RO         3324    i.PendSV_Handler    stm32f10x_it.o
    0x20002ec2   0x20002ec2   0x00000002   PAD
    0x20002ec4   0x20002ec4   0x00000018   Code   RO         1771    i.RCC_ADCCLKConfig  stm32f10x_rcc.o
    0x20002edc   0x20002edc   0x00000020   Code   RO         1772    i.RCC_AHBPeriphClockCmd  stm32f10x_rcc.o
    0x20002efc   0x20002efc   0x00000020   Code   RO         1773    i.RCC_APB1PeriphClockCmd  stm32f10x_rcc.o
    0x20002f1c   0x20002f1c   0x00000020   Code   RO         1774    i.RCC_APB1PeriphResetCmd  stm32f10x_rcc.o
    0x20002f3c   0x20002f3c   0x00000020   Code   RO         1775    i.RCC_APB2PeriphClockCmd  stm32f10x_rcc.o
    0x20002f5c   0x20002f5c   0x00000020   Code   RO         1776    i.RCC_APB2PeriphResetCmd  stm32f10x_rcc.o
    0x20002f7c   0x20002f7c   0x00000018   Code   RO         1777    i.RCC_AdjustHSICalibrationValue  stm32f10x_rcc.o
    0x20002f94   0x20002f94   0x0000000c   Code   RO         1778    i.RCC_BackupResetCmd  stm32f10x_rcc.o
    0x20002fa0   0x20002fa0   0x00000014   Code   RO         1779    i.RCC_ClearFlag     stm32f10x_rcc.o
    0x20002fb4   0x20002fb4   0x0000000c   Code   RO         1780    i.RCC_ClearITPendingBit  stm32f10x_rcc.o
    0x20002fc0   0x20002fc0   0x0000000c   Code   RO         1781    i.RCC_ClockSecuritySystemCmd  stm32f10x_rcc.o
    0x20002fcc   0x20002fcc   0x0000004c   Code   RO         1782    i.RCC_DeInit        stm32f10x_rcc.o
    0x20003018   0x20003018   0x000000d4   Code   RO         1783    i.RCC_GetClocksFreq  stm32f10x_rcc.o
    0x200030ec   0x200030ec   0x0000003c   Code   RO         1784    i.RCC_GetFlagStatus  stm32f10x_rcc.o
    0x20003128   0x20003128   0x00000018   Code   RO         1785    i.RCC_GetITStatus   stm32f10x_rcc.o
    0x20003140   0x20003140   0x00000010   Code   RO         1786    i.RCC_GetSYSCLKSource  stm32f10x_rcc.o
    0x20003150   0x20003150   0x00000018   Code   RO         1787    i.RCC_HCLKConfig    stm32f10x_rcc.o
    0x20003168   0x20003168   0x0000004c   Code   RO         1788    i.RCC_HSEConfig     stm32f10x_rcc.o
    0x200031b4   0x200031b4   0x0000000c   Code   RO         1789    i.RCC_HSICmd        stm32f10x_rcc.o
    0x200031c0   0x200031c0   0x00000020   Code   RO         1790    i.RCC_ITConfig      stm32f10x_rcc.o
    0x200031e0   0x200031e0   0x00000034   Code   RO         1791    i.RCC_LSEConfig     stm32f10x_rcc.o
    0x20003214   0x20003214   0x0000000c   Code   RO         1792    i.RCC_LSICmd        stm32f10x_rcc.o
    0x20003220   0x20003220   0x0000000c   Code   RO         1793    i.RCC_MCOConfig     stm32f10x_rcc.o
    0x2000322c   0x2000322c   0x00000018   Code   RO         1794    i.RCC_PCLK1Config   stm32f10x_rcc.o
    0x20003244   0x20003244   0x00000018   Code   RO         1795    i.RCC_PCLK2Config   stm32f10x_rcc.o
    0x2000325c   0x2000325c   0x0000000c   Code   RO         1796    i.RCC_PLLCmd        stm32f10x_rcc.o
    0x20003268   0x20003268   0x0000001c   Code   RO         1797    i.RCC_PLLConfig     stm32f10x_rcc.o
    0x20003284   0x20003284   0x0000000c   Code   RO         1798    i.RCC_RTCCLKCmd     stm32f10x_rcc.o
    0x20003290   0x20003290   0x00000010   Code   RO         1799    i.RCC_RTCCLKConfig  stm32f10x_rcc.o
    0x200032a0   0x200032a0   0x00000018   Code   RO         1800    i.RCC_SYSCLKConfig  stm32f10x_rcc.o
    0x200032b8   0x200032b8   0x0000000c   Code   RO         1801    i.RCC_USBCLKConfig  stm32f10x_rcc.o
    0x200032c4   0x200032c4   0x00000038   Code   RO         1802    i.RCC_WaitForHSEStartUp  stm32f10x_rcc.o
    0x200032fc   0x200032fc   0x00000010   Code   RO         1974    i.RTC_ClearFlag     stm32f10x_rtc.o
    0x2000330c   0x2000330c   0x00000010   Code   RO         1975    i.RTC_ClearITPendingBit  stm32f10x_rtc.o
    0x2000331c   0x2000331c   0x00000014   Code   RO         1976    i.RTC_EnterConfigMode  stm32f10x_rtc.o
    0x20003330   0x20003330   0x00000014   Code   RO         1977    i.RTC_ExitConfigMode  stm32f10x_rtc.o
    0x20003344   0x20003344   0x00000014   Code   RO         1978    i.RTC_GetCounter    stm32f10x_rtc.o
    0x20003358   0x20003358   0x00000018   Code   RO         1979    i.RTC_GetDivider    stm32f10x_rtc.o
    0x20003370   0x20003370   0x00000018   Code   RO         1980    i.RTC_GetFlagStatus  stm32f10x_rtc.o
    0x20003388   0x20003388   0x00000024   Code   RO         1981    i.RTC_GetITStatus   stm32f10x_rtc.o
    0x200033ac   0x200033ac   0x00000020   Code   RO         1982    i.RTC_ITConfig      stm32f10x_rtc.o
    0x200033cc   0x200033cc   0x0000001c   Code   RO         1983    i.RTC_SetAlarm      stm32f10x_rtc.o
    0x200033e8   0x200033e8   0x0000001c   Code   RO         1984    i.RTC_SetCounter    stm32f10x_rtc.o
    0x20003404   0x20003404   0x00000020   Code   RO         1985    i.RTC_SetPrescaler  stm32f10x_rtc.o
    0x20003424   0x20003424   0x00000014   Code   RO         1986    i.RTC_WaitForLastTask  stm32f10x_rtc.o
    0x20003438   0x20003438   0x00000024   Code   RO         1987    i.RTC_WaitForSynchro  stm32f10x_rtc.o
    0x2000345c   0x2000345c   0x00000010   Code   RO         2067    i.SDIO_CEATAITCmd   stm32f10x_sdio.o
    0x2000346c   0x2000346c   0x0000000c   Code   RO         2068    i.SDIO_ClearFlag    stm32f10x_sdio.o
    0x20003478   0x20003478   0x0000000c   Code   RO         2069    i.SDIO_ClearITPendingBit  stm32f10x_sdio.o
    0x20003484   0x20003484   0x0000000c   Code   RO         2070    i.SDIO_ClockCmd     stm32f10x_sdio.o
    0x20003490   0x20003490   0x0000000e   Code   RO         2071    i.SDIO_CmdStructInit  stm32f10x_sdio.o
    0x2000349e   0x2000349e   0x00000002   PAD
    0x200034a0   0x200034a0   0x0000000c   Code   RO         2072    i.SDIO_CommandCompletionCmd  stm32f10x_sdio.o
    0x200034ac   0x200034ac   0x0000000c   Code   RO         2073    i.SDIO_DMACmd       stm32f10x_sdio.o
    0x200034b8   0x200034b8   0x00000030   Code   RO         2074    i.SDIO_DataConfig   stm32f10x_sdio.o
    0x200034e8   0x200034e8   0x00000014   Code   RO         2075    i.SDIO_DataStructInit  stm32f10x_sdio.o
    0x200034fc   0x200034fc   0x00000024   Code   RO         2076    i.SDIO_DeInit       stm32f10x_sdio.o
    0x20003520   0x20003520   0x0000000c   Code   RO         2077    i.SDIO_GetCommandResponse  stm32f10x_sdio.o
    0x2000352c   0x2000352c   0x0000000c   Code   RO         2078    i.SDIO_GetDataCounter  stm32f10x_sdio.o
    0x20003538   0x20003538   0x0000000c   Code   RO         2079    i.SDIO_GetFIFOCount  stm32f10x_sdio.o
    0x20003544   0x20003544   0x00000018   Code   RO         2080    i.SDIO_GetFlagStatus  stm32f10x_sdio.o
    0x2000355c   0x2000355c   0x00000018   Code   RO         2081    i.SDIO_GetITStatus  stm32f10x_sdio.o
    0x20003574   0x20003574   0x00000010   Code   RO         2082    i.SDIO_GetPowerState  stm32f10x_sdio.o
    0x20003584   0x20003584   0x00000018   Code   RO         2083    i.SDIO_GetResponse  stm32f10x_sdio.o
    0x2000359c   0x2000359c   0x00000020   Code   RO         2084    i.SDIO_ITConfig     stm32f10x_sdio.o
    0x200035bc   0x200035bc   0x00000030   Code   RO         2085    i.SDIO_Init         stm32f10x_sdio.o
    0x200035ec   0x200035ec   0x0000000c   Code   RO         2086    i.SDIO_ReadData     stm32f10x_sdio.o
    0x200035f8   0x200035f8   0x0000000c   Code   RO         2087    i.SDIO_SendCEATACmd  stm32f10x_sdio.o
    0x20003604   0x20003604   0x0000002c   Code   RO         2088    i.SDIO_SendCommand  stm32f10x_sdio.o
    0x20003630   0x20003630   0x0000000c   Code   RO         2089    i.SDIO_SendSDIOSuspendCmd  stm32f10x_sdio.o
    0x2000363c   0x2000363c   0x0000001c   Code   RO         2090    i.SDIO_SetPowerState  stm32f10x_sdio.o
    0x20003658   0x20003658   0x0000000c   Code   RO         2091    i.SDIO_SetSDIOOperation  stm32f10x_sdio.o
    0x20003664   0x20003664   0x0000000c   Code   RO         2092    i.SDIO_SetSDIOReadWaitMode  stm32f10x_sdio.o
    0x20003670   0x20003670   0x0000000c   Code   RO         2093    i.SDIO_StartSDIOReadWait  stm32f10x_sdio.o
    0x2000367c   0x2000367c   0x0000000c   Code   RO         2094    i.SDIO_StopSDIOReadWait  stm32f10x_sdio.o
    0x20003688   0x20003688   0x00000010   Code   RO         2095    i.SDIO_StructInit   stm32f10x_sdio.o
    0x20003698   0x20003698   0x0000000c   Code   RO         2096    i.SDIO_WriteData    stm32f10x_sdio.o
    0x200036a4   0x200036a4   0x0000001c   Code   RO         2259    i.SPI_BiDirectionalLineConfig  stm32f10x_spi.o
    0x200036c0   0x200036c0   0x00000018   Code   RO         2260    i.SPI_CalculateCRC  stm32f10x_spi.o
    0x200036d8   0x200036d8   0x00000018   Code   RO         2261    i.SPI_Cmd           stm32f10x_spi.o
    0x200036f0   0x200036f0   0x00000012   Code   RO         2262    i.SPI_DataSizeConfig  stm32f10x_spi.o
    0x20003702   0x20003702   0x00000010   Code   RO         2263    i.SPI_GetCRC        stm32f10x_spi.o
    0x20003712   0x20003712   0x00000006   Code   RO         2264    i.SPI_GetCRCPolynomial  stm32f10x_spi.o
    0x20003718   0x20003718   0x00000006   Code   RO         2265    i.SPI_I2S_ClearFlag  stm32f10x_spi.o
    0x2000371e   0x2000371e   0x00000014   Code   RO         2266    i.SPI_I2S_ClearITPendingBit  stm32f10x_spi.o
    0x20003732   0x20003732   0x00000012   Code   RO         2267    i.SPI_I2S_DMACmd    stm32f10x_spi.o
    0x20003744   0x20003744   0x00000058   Code   RO         2268    i.SPI_I2S_DeInit    stm32f10x_spi.o
    0x2000379c   0x2000379c   0x00000012   Code   RO         2269    i.SPI_I2S_GetFlagStatus  stm32f10x_spi.o
    0x200037ae   0x200037ae   0x00000034   Code   RO         2270    i.SPI_I2S_GetITStatus  stm32f10x_spi.o
    0x200037e2   0x200037e2   0x00000020   Code   RO         2271    i.SPI_I2S_ITConfig  stm32f10x_spi.o
    0x20003802   0x20003802   0x00000006   Code   RO         2272    i.SPI_I2S_ReceiveData  stm32f10x_spi.o
    0x20003808   0x20003808   0x00000004   Code   RO         2273    i.SPI_I2S_SendData  stm32f10x_spi.o
    0x2000380c   0x2000380c   0x0000003c   Code   RO         2274    i.SPI_Init          stm32f10x_spi.o
    0x20003848   0x20003848   0x0000001e   Code   RO         2275    i.SPI_NSSInternalSoftwareConfig  stm32f10x_spi.o
    0x20003866   0x20003866   0x00000018   Code   RO         2276    i.SPI_SSOutputCmd   stm32f10x_spi.o
    0x2000387e   0x2000387e   0x00000018   Code   RO         2277    i.SPI_StructInit    stm32f10x_spi.o
    0x20003896   0x20003896   0x0000000a   Code   RO         2278    i.SPI_TransmitCRC   stm32f10x_spi.o
    0x200038a0   0x200038a0   0x00000002   Code   RO         3325    i.SVC_Handler       stm32f10x_it.o
    0x200038a2   0x200038a2   0x00000008   Code   RO           17    i.SetSysClock       system_stm32f10x.o
    0x200038aa   0x200038aa   0x00000002   PAD
    0x200038ac   0x200038ac   0x000000e0   Code   RO           18    i.SetSysClockTo72   system_stm32f10x.o
    0x2000398c   0x2000398c   0x00000028   Code   RO          139    i.SysTick_CLKSourceConfig  misc.o
    0x200039b4   0x200039b4   0x00000002   Code   RO         3326    i.SysTick_Handler   stm32f10x_it.o
    0x200039b6   0x200039b6   0x00000002   PAD
    0x200039b8   0x200039b8   0x000000a4   Code   RO           19    i.SystemCoreClockUpdate  system_stm32f10x.o
    0x20003a5c   0x20003a5c   0x00000060   Code   RO           20    i.SystemInit        system_stm32f10x.o
    0x20003abc   0x20003abc   0x00000080   Code   RO         2403    i.TI1_Config        stm32f10x_tim.o
    0x20003b3c   0x20003b3c   0x00000098   Code   RO         2404    i.TI2_Config        stm32f10x_tim.o
    0x20003bd4   0x20003bd4   0x00000090   Code   RO         2405    i.TI3_Config        stm32f10x_tim.o
    0x20003c64   0x20003c64   0x00000098   Code   RO         2406    i.TI4_Config        stm32f10x_tim.o
    0x20003cfc   0x20003cfc   0x00000018   Code   RO         2407    i.TIM_ARRPreloadConfig  stm32f10x_tim.o
    0x20003d14   0x20003d14   0x00000020   Code   RO         2408    i.TIM_BDTRConfig    stm32f10x_tim.o
    0x20003d34   0x20003d34   0x00000012   Code   RO         2409    i.TIM_BDTRStructInit  stm32f10x_tim.o
    0x20003d46   0x20003d46   0x00000018   Code   RO         2410    i.TIM_CCPreloadControl  stm32f10x_tim.o
    0x20003d5e   0x20003d5e   0x0000001e   Code   RO         2411    i.TIM_CCxCmd        stm32f10x_tim.o
    0x20003d7c   0x20003d7c   0x0000001e   Code   RO         2412    i.TIM_CCxNCmd       stm32f10x_tim.o
    0x20003d9a   0x20003d9a   0x00000006   Code   RO         2413    i.TIM_ClearFlag     stm32f10x_tim.o
    0x20003da0   0x20003da0   0x00000006   Code   RO         2414    i.TIM_ClearITPendingBit  stm32f10x_tim.o
    0x20003da6   0x20003da6   0x00000012   Code   RO         2415    i.TIM_ClearOC1Ref   stm32f10x_tim.o
    0x20003db8   0x20003db8   0x00000018   Code   RO         2416    i.TIM_ClearOC2Ref   stm32f10x_tim.o
    0x20003dd0   0x20003dd0   0x00000012   Code   RO         2417    i.TIM_ClearOC3Ref   stm32f10x_tim.o
    0x20003de2   0x20003de2   0x00000018   Code   RO         2418    i.TIM_ClearOC4Ref   stm32f10x_tim.o
    0x20003dfa   0x20003dfa   0x00000018   Code   RO         2419    i.TIM_Cmd           stm32f10x_tim.o
    0x20003e12   0x20003e12   0x00000012   Code   RO         2420    i.TIM_CounterModeConfig  stm32f10x_tim.o
    0x20003e24   0x20003e24   0x0000001e   Code   RO         2421    i.TIM_CtrlPWMOutputs  stm32f10x_tim.o
    0x20003e42   0x20003e42   0x00000012   Code   RO         2422    i.TIM_DMACmd        stm32f10x_tim.o
    0x20003e54   0x20003e54   0x0000000a   Code   RO         2423    i.TIM_DMAConfig     stm32f10x_tim.o
    0x20003e5e   0x20003e5e   0x00000002   PAD
    0x20003e60   0x20003e60   0x000001e8   Code   RO         2424    i.TIM_DeInit        stm32f10x_tim.o
    0x20004048   0x20004048   0x00000036   Code   RO         2425    i.TIM_ETRClockMode1Config  stm32f10x_tim.o
    0x2000407e   0x2000407e   0x00000020   Code   RO         2426    i.TIM_ETRClockMode2Config  stm32f10x_tim.o
    0x2000409e   0x2000409e   0x0000001c   Code   RO         2427    i.TIM_ETRConfig     stm32f10x_tim.o
    0x200040ba   0x200040ba   0x00000042   Code   RO         2428    i.TIM_EncoderInterfaceConfig  stm32f10x_tim.o
    0x200040fc   0x200040fc   0x00000012   Code   RO         2429    i.TIM_ForcedOC1Config  stm32f10x_tim.o
    0x2000410e   0x2000410e   0x0000001a   Code   RO         2430    i.TIM_ForcedOC2Config  stm32f10x_tim.o
    0x20004128   0x20004128   0x00000012   Code   RO         2431    i.TIM_ForcedOC3Config  stm32f10x_tim.o
    0x2000413a   0x2000413a   0x0000001a   Code   RO         2432    i.TIM_ForcedOC4Config  stm32f10x_tim.o
    0x20004154   0x20004154   0x00000004   Code   RO         2433    i.TIM_GenerateEvent  stm32f10x_tim.o
    0x20004158   0x20004158   0x00000006   Code   RO         2434    i.TIM_GetCapture1   stm32f10x_tim.o
    0x2000415e   0x2000415e   0x00000006   Code   RO         2435    i.TIM_GetCapture2   stm32f10x_tim.o
    0x20004164   0x20004164   0x00000006   Code   RO         2436    i.TIM_GetCapture3   stm32f10x_tim.o
    0x2000416a   0x2000416a   0x00000008   Code   RO         2437    i.TIM_GetCapture4   stm32f10x_tim.o
    0x20004172   0x20004172   0x00000006   Code   RO         2438    i.TIM_GetCounter    stm32f10x_tim.o
    0x20004178   0x20004178   0x00000012   Code   RO         2439    i.TIM_GetFlagStatus  stm32f10x_tim.o
    0x2000418a   0x2000418a   0x00000022   Code   RO         2440    i.TIM_GetITStatus   stm32f10x_tim.o
    0x200041ac   0x200041ac   0x00000006   Code   RO         2441    i.TIM_GetPrescaler  stm32f10x_tim.o
    0x200041b2   0x200041b2   0x00000002   PAD
    0x200041b4   0x200041b4   0x000000ac   Code   RO         2442    i.TIM_ICInit        stm32f10x_tim.o
    0x20004260   0x20004260   0x00000012   Code   RO         2443    i.TIM_ICStructInit  stm32f10x_tim.o
    0x20004272   0x20004272   0x00000012   Code   RO         2444    i.TIM_ITConfig      stm32f10x_tim.o
    0x20004284   0x20004284   0x00000018   Code   RO         2445    i.TIM_ITRxExternalClockConfig  stm32f10x_tim.o
    0x2000429c   0x2000429c   0x0000000c   Code   RO         2446    i.TIM_InternalClockConfig  stm32f10x_tim.o
    0x200042a8   0x200042a8   0x00000012   Code   RO         2447    i.TIM_OC1FastConfig  stm32f10x_tim.o
    0x200042ba   0x200042ba   0x00000002   PAD
    0x200042bc   0x200042bc   0x00000098   Code   RO         2448    i.TIM_OC1Init       stm32f10x_tim.o
    0x20004354   0x20004354   0x00000012   Code   RO         2449    i.TIM_OC1NPolarityConfig  stm32f10x_tim.o
    0x20004366   0x20004366   0x00000012   Code   RO         2450    i.TIM_OC1PolarityConfig  stm32f10x_tim.o
    0x20004378   0x20004378   0x00000012   Code   RO         2451    i.TIM_OC1PreloadConfig  stm32f10x_tim.o
    0x2000438a   0x2000438a   0x0000001a   Code   RO         2452    i.TIM_OC2FastConfig  stm32f10x_tim.o
    0x200043a4   0x200043a4   0x000000a4   Code   RO         2453    i.TIM_OC2Init       stm32f10x_tim.o
    0x20004448   0x20004448   0x0000001a   Code   RO         2454    i.TIM_OC2NPolarityConfig  stm32f10x_tim.o
    0x20004462   0x20004462   0x0000001a   Code   RO         2455    i.TIM_OC2PolarityConfig  stm32f10x_tim.o
    0x2000447c   0x2000447c   0x0000001a   Code   RO         2456    i.TIM_OC2PreloadConfig  stm32f10x_tim.o
    0x20004496   0x20004496   0x00000012   Code   RO         2457    i.TIM_OC3FastConfig  stm32f10x_tim.o
    0x200044a8   0x200044a8   0x000000a0   Code   RO         2458    i.TIM_OC3Init       stm32f10x_tim.o
    0x20004548   0x20004548   0x0000001a   Code   RO         2459    i.TIM_OC3NPolarityConfig  stm32f10x_tim.o
    0x20004562   0x20004562   0x0000001a   Code   RO         2460    i.TIM_OC3PolarityConfig  stm32f10x_tim.o
    0x2000457c   0x2000457c   0x00000012   Code   RO         2461    i.TIM_OC3PreloadConfig  stm32f10x_tim.o
    0x2000458e   0x2000458e   0x0000001a   Code   RO         2462    i.TIM_OC4FastConfig  stm32f10x_tim.o
    0x200045a8   0x200045a8   0x0000007c   Code   RO         2463    i.TIM_OC4Init       stm32f10x_tim.o
    0x20004624   0x20004624   0x0000001a   Code   RO         2464    i.TIM_OC4PolarityConfig  stm32f10x_tim.o
    0x2000463e   0x2000463e   0x0000001a   Code   RO         2465    i.TIM_OC4PreloadConfig  stm32f10x_tim.o
    0x20004658   0x20004658   0x00000014   Code   RO         2466    i.TIM_OCStructInit  stm32f10x_tim.o
    0x2000466c   0x2000466c   0x0000007c   Code   RO         2467    i.TIM_PWMIConfig    stm32f10x_tim.o
    0x200046e8   0x200046e8   0x00000006   Code   RO         2468    i.TIM_PrescalerConfig  stm32f10x_tim.o
    0x200046ee   0x200046ee   0x00000018   Code   RO         2469    i.TIM_SelectCCDMA   stm32f10x_tim.o
    0x20004706   0x20004706   0x00000018   Code   RO         2470    i.TIM_SelectCOM     stm32f10x_tim.o
    0x2000471e   0x2000471e   0x00000018   Code   RO         2471    i.TIM_SelectHallSensor  stm32f10x_tim.o
    0x20004736   0x20004736   0x00000012   Code   RO         2472    i.TIM_SelectInputTrigger  stm32f10x_tim.o
    0x20004748   0x20004748   0x00000012   Code   RO         2473    i.TIM_SelectMasterSlaveMode  stm32f10x_tim.o
    0x2000475a   0x2000475a   0x00000052   Code   RO         2474    i.TIM_SelectOCxM    stm32f10x_tim.o
    0x200047ac   0x200047ac   0x00000012   Code   RO         2475    i.TIM_SelectOnePulseMode  stm32f10x_tim.o
    0x200047be   0x200047be   0x00000012   Code   RO         2476    i.TIM_SelectOutputTrigger  stm32f10x_tim.o
    0x200047d0   0x200047d0   0x00000012   Code   RO         2477    i.TIM_SelectSlaveMode  stm32f10x_tim.o
    0x200047e2   0x200047e2   0x00000004   Code   RO         2478    i.TIM_SetAutoreload  stm32f10x_tim.o
    0x200047e6   0x200047e6   0x00000012   Code   RO         2479    i.TIM_SetClockDivision  stm32f10x_tim.o
    0x200047f8   0x200047f8   0x00000004   Code   RO         2480    i.TIM_SetCompare1   stm32f10x_tim.o
    0x200047fc   0x200047fc   0x00000004   Code   RO         2481    i.TIM_SetCompare2   stm32f10x_tim.o
    0x20004800   0x20004800   0x00000004   Code   RO         2482    i.TIM_SetCompare3   stm32f10x_tim.o
    0x20004804   0x20004804   0x00000006   Code   RO         2483    i.TIM_SetCompare4   stm32f10x_tim.o
    0x2000480a   0x2000480a   0x00000004   Code   RO         2484    i.TIM_SetCounter    stm32f10x_tim.o
    0x2000480e   0x2000480e   0x00000012   Code   RO         2485    i.TIM_SetIC1Prescaler  stm32f10x_tim.o
    0x20004820   0x20004820   0x0000001a   Code   RO         2486    i.TIM_SetIC2Prescaler  stm32f10x_tim.o
    0x2000483a   0x2000483a   0x00000012   Code   RO         2487    i.TIM_SetIC3Prescaler  stm32f10x_tim.o
    0x2000484c   0x2000484c   0x0000001a   Code   RO         2488    i.TIM_SetIC4Prescaler  stm32f10x_tim.o
    0x20004866   0x20004866   0x0000003e   Code   RO         2489    i.TIM_TIxExternalClockConfig  stm32f10x_tim.o
    0x200048a4   0x200048a4   0x000000a4   Code   RO         2490    i.TIM_TimeBaseInit  stm32f10x_tim.o
    0x20004948   0x20004948   0x00000012   Code   RO         2491    i.TIM_TimeBaseStructInit  stm32f10x_tim.o
    0x2000495a   0x2000495a   0x00000018   Code   RO         2492    i.TIM_UpdateDisableConfig  stm32f10x_tim.o
    0x20004972   0x20004972   0x00000018   Code   RO         2493    i.TIM_UpdateRequestConfig  stm32f10x_tim.o
    0x2000498a   0x2000498a   0x00000012   Code   RO         2954    i.USART_ClearFlag   stm32f10x_usart.o
    0x2000499c   0x2000499c   0x0000001e   Code   RO         2955    i.USART_ClearITPendingBit  stm32f10x_usart.o
    0x200049ba   0x200049ba   0x00000022   Code   RO         2956    i.USART_ClockInit   stm32f10x_usart.o
    0x200049dc   0x200049dc   0x0000000c   Code   RO         2957    i.USART_ClockStructInit  stm32f10x_usart.o
    0x200049e8   0x200049e8   0x00000018   Code   RO         2958    i.USART_Cmd         stm32f10x_usart.o
    0x20004a00   0x20004a00   0x00000012   Code   RO         2959    i.USART_DMACmd      stm32f10x_usart.o
    0x20004a12   0x20004a12   0x00000002   PAD
    0x20004a14   0x20004a14   0x0000009c   Code   RO         2960    i.USART_DeInit      stm32f10x_usart.o
    0x20004ab0   0x20004ab0   0x0000001a   Code   RO         2961    i.USART_GetFlagStatus  stm32f10x_usart.o
    0x20004aca   0x20004aca   0x00000054   Code   RO         2962    i.USART_GetITStatus  stm32f10x_usart.o
    0x20004b1e   0x20004b1e   0x00000018   Code   RO         2963    i.USART_HalfDuplexCmd  stm32f10x_usart.o
    0x20004b36   0x20004b36   0x0000004a   Code   RO         2964    i.USART_ITConfig    stm32f10x_usart.o
    0x20004b80   0x20004b80   0x000000d8   Code   RO         2965    i.USART_Init        stm32f10x_usart.o
    0x20004c58   0x20004c58   0x00000018   Code   RO         2966    i.USART_IrDACmd     stm32f10x_usart.o
    0x20004c70   0x20004c70   0x00000012   Code   RO         2967    i.USART_IrDAConfig  stm32f10x_usart.o
    0x20004c82   0x20004c82   0x00000012   Code   RO         2968    i.USART_LINBreakDetectLengthConfig  stm32f10x_usart.o
    0x20004c94   0x20004c94   0x00000018   Code   RO         2969    i.USART_LINCmd      stm32f10x_usart.o
    0x20004cac   0x20004cac   0x00000018   Code   RO         2970    i.USART_OneBitMethodCmd  stm32f10x_usart.o
    0x20004cc4   0x20004cc4   0x00000016   Code   RO         2971    i.USART_OverSampling8Cmd  stm32f10x_usart.o
    0x20004cda   0x20004cda   0x0000000a   Code   RO         2972    i.USART_ReceiveData  stm32f10x_usart.o
    0x20004ce4   0x20004ce4   0x00000018   Code   RO         2973    i.USART_ReceiverWakeUpCmd  stm32f10x_usart.o
    0x20004cfc   0x20004cfc   0x0000000a   Code   RO         2974    i.USART_SendBreak   stm32f10x_usart.o
    0x20004d06   0x20004d06   0x00000008   Code   RO         2975    i.USART_SendData    stm32f10x_usart.o
    0x20004d0e   0x20004d0e   0x00000012   Code   RO         2976    i.USART_SetAddress  stm32f10x_usart.o
    0x20004d20   0x20004d20   0x00000010   Code   RO         2977    i.USART_SetGuardTime  stm32f10x_usart.o
    0x20004d30   0x20004d30   0x00000010   Code   RO         2978    i.USART_SetPrescaler  stm32f10x_usart.o
    0x20004d40   0x20004d40   0x00000018   Code   RO         2979    i.USART_SmartCardCmd  stm32f10x_usart.o
    0x20004d58   0x20004d58   0x00000018   Code   RO         2980    i.USART_SmartCardNACKCmd  stm32f10x_usart.o
    0x20004d70   0x20004d70   0x00000018   Code   RO         2981    i.USART_StructInit  stm32f10x_usart.o
    0x20004d88   0x20004d88   0x00000012   Code   RO         2982    i.USART_WakeUpConfig  stm32f10x_usart.o
    0x20004d9a   0x20004d9a   0x00000004   Code   RO         3327    i.UsageFault_Handler  stm32f10x_it.o
    0x20004d9e   0x20004d9e   0x00000002   PAD
    0x20004da0   0x20004da0   0x0000000c   Code   RO         3137    i.WWDG_ClearFlag    stm32f10x_wwdg.o
    0x20004dac   0x20004dac   0x00000016   Code   RO         3138    i.WWDG_DeInit       stm32f10x_wwdg.o
    0x20004dc2   0x20004dc2   0x00000002   PAD
    0x20004dc4   0x20004dc4   0x00000010   Code   RO         3139    i.WWDG_Enable       stm32f10x_wwdg.o
    0x20004dd4   0x20004dd4   0x0000000c   Code   RO         3140    i.WWDG_EnableIT     stm32f10x_wwdg.o
    0x20004de0   0x20004de0   0x0000000c   Code   RO         3141    i.WWDG_GetFlagStatus  stm32f10x_wwdg.o
    0x20004dec   0x20004dec   0x00000010   Code   RO         3142    i.WWDG_SetCounter   stm32f10x_wwdg.o
    0x20004dfc   0x20004dfc   0x00000018   Code   RO         3143    i.WWDG_SetPrescaler  stm32f10x_wwdg.o
    0x20004e14   0x20004e14   0x00000028   Code   RO         3144    i.WWDG_SetWindowValue  stm32f10x_wwdg.o
    0x20004e3c   0x20004e3c   0x0000000e   Code   RO         3221    i.app_main          main.o
    0x20004e4a   0x20004e4a   0x00000002   PAD
    0x20004e4c   0x20004e4c   0x00000014   Data   RW           21    .data               system_stm32f10x.o
    0x20004e60   0x20004e60   0x00000014   Data   RW         1803    .data               stm32f10x_rcc.o


==============================================================================

Image component sizes


      Code (inc. data)   RO Data    RW Data    ZI Data      Debug   Object Name

        32          0          0          0          0       5040   core_cm3.o
        94          0          0          0          0       1392   delay.o
       146         24          0          0          0       2177   led.o
        14          0          0          0          0        427   main.o
       224         36          0          0          0     206117   misc.o
         4          0          8          0          0        356   startup_stm32f10x_md.o
      1106         40          0          0          0      30743   stm32f10x_adc.o
       228         60          0          0          0       6618   stm32f10x_bkp.o
      2556         52          0          0          0      23498   stm32f10x_can.o
       330         78          0          0          0       9625   stm32f10x_cec.o
       100         32          0          0          0       3092   stm32f10x_crc.o
       426         52          0          0          0      11540   stm32f10x_dac.o
        60         16          0          0          0       1396   stm32f10x_dbgmcu.o
       616         44          0          0          0      17054   stm32f10x_dma.o
       304         40          0          0          0       6365   stm32f10x_exti.o
      1628        200          0          0          0      22724   stm32f10x_flash.o
      1588         86          0          0          0      18679   stm32f10x_fsmc.o
       870         56          0          0          0      19179   stm32f10x_gpio.o
      1032         20          0          0          0      26919   stm32f10x_i2c.o
        26          0          0          0          0       3594   stm32f10x_it.o
        92         34          0          0          0       2739   stm32f10x_iwdg.o
       242         54          0          0          0       4299   stm32f10x_pwr.o
      1080        194          0         20          0      26998   stm32f10x_rcc.o
       352         64          0          0          0       6580   stm32f10x_rtc.o
       582        156          0          0          0      25070   stm32f10x_sdio.o
       784         18          0          0          0      20154   stm32f10x_spi.o
      3784        264          0          0          0      71044   stm32f10x_tim.o
      1038         28          0          0          0      23052   stm32f10x_usart.o
       154         36          0          0          0       4214   stm32f10x_wwdg.o
       492         50          0         20          0      19633   system_stm32f10x.o

    ----------------------------------------------------------------------
     20036       1734          8         40          0     620318   Object Totals
         0          0          0          0          0          0   (incl. Generated)
        52          0          0          0          0          0   (incl. Padding)

    ----------------------------------------------------------------------
         0          0          0          0          0          0   Library Totals
         0          0          0          0          0          0   (incl. Padding)

    ----------------------------------------------------------------------

==============================================================================


      Code (inc. data)   RO Data    RW Data    ZI Data      Debug   

     20036       1734          8         40          0     594890   Grand Totals
     20036       1734          8         40          0     594890   ELF Image Totals
     20036       1734          8         40          0          0   ROM Totals

==============================================================================

    Total RO  Size (Code + RO Data)                20044 (  19.57kB)
    Total RW  Size (RW Data + ZI Data)                40 (   0.04kB)
    Total ROM Size (Code + RO Data + RW Data)      20084 (  19.61kB)

==============================================================================

